CCS PCM C Compiler, Version 5.076, 5967               04-May-20 21:55

               Filename:   C:\Users\Sergio\Google Drive\Projects\PID_Control_PIC\16f887\PIDControl.lst

               ROM used:   3577 words (44%)
                           Largest free fragment is 2048
               RAM used:   122 (33%) at main() level
                           140 (38%) worst case
               Stack used: 6 locations (5 in main + 1 for interrupts)
               Stack size: 8

*
0000:  MOVLW  09
0001:  MOVWF  0A
0002:  GOTO   102
0003:  NOP
0004:  MOVWF  7F
0005:  SWAPF  03,W
0006:  CLRF   03
0007:  MOVWF  21
0008:  MOVF   0A,W
0009:  MOVWF  20
000A:  CLRF   0A
000B:  MOVF   04,W
000C:  MOVWF  22
000D:  MOVF   77,W
000E:  MOVWF  23
000F:  MOVF   78,W
0010:  MOVWF  24
0011:  MOVF   79,W
0012:  MOVWF  25
0013:  MOVF   7A,W
0014:  MOVWF  26
0015:  BSF    03.6
0016:  MOVF   0D,W
0017:  BCF    03.6
0018:  MOVWF  27
0019:  BSF    03.6
001A:  MOVF   0F,W
001B:  BCF    03.6
001C:  MOVWF  28
001D:  BSF    03.6
001E:  MOVF   0C,W
001F:  BCF    03.6
0020:  MOVWF  29
0021:  BSF    03.6
0022:  MOVF   0E,W
0023:  BCF    03.6
0024:  MOVWF  2A
0025:  BCF    03.7
0026:  BCF    03.5
0027:  BTFSS  0B.5
0028:  GOTO   02B
0029:  BTFSC  0B.2
002A:  GOTO   04C
002B:  MOVF   22,W
002C:  MOVWF  04
002D:  MOVF   23,W
002E:  MOVWF  77
002F:  MOVF   24,W
0030:  MOVWF  78
0031:  MOVF   25,W
0032:  MOVWF  79
0033:  MOVF   26,W
0034:  MOVWF  7A
0035:  MOVF   27,W
0036:  BSF    03.6
0037:  MOVWF  0D
0038:  BCF    03.6
0039:  MOVF   28,W
003A:  BSF    03.6
003B:  MOVWF  0F
003C:  BCF    03.6
003D:  MOVF   29,W
003E:  BSF    03.6
003F:  MOVWF  0C
0040:  BCF    03.6
0041:  MOVF   2A,W
0042:  BSF    03.6
0043:  MOVWF  0E
0044:  BCF    03.6
0045:  MOVF   20,W
0046:  MOVWF  0A
0047:  SWAPF  21,W
0048:  MOVWF  03
0049:  SWAPF  7F,F
004A:  SWAPF  7F,W
004B:  RETFIE
004C:  BCF    0A.3
004D:  BCF    0A.4
004E:  GOTO   057
.................... // ***********************************************************************// 
.................... // ***********************************************************************// 
.................... // *****       By: Sergio Andres Castaño Giraldo                    ******// 
.................... // *****       https://controlautomaticoeducacion.com/              ******// 
.................... // *****       Control Engineering                                  ******// 
.................... // ***********************************************************************// 
.................... // ***********************************************************************// 
....................  
.................... #INCLUDE <16F887.h> 
.................... //////////// Standard Header file for the PIC16F887 device //////////////// 
.................... /////////////////////////////////////////////////////////////////////////// 
.................... ////        (C) Copyright 1996, 2014 Custom Computer Services          //// 
.................... //// This source code may only be used by licensed users of the CCS C  //// 
.................... //// compiler.  This source code may only be distributed to other      //// 
.................... //// licensed users of the CCS C compiler.  No other use, reproduction //// 
.................... //// or distribution is permitted without written permission.          //// 
.................... //// Derivative programs created using this software in object code    //// 
.................... //// form are not restricted in any way.                               //// 
.................... /////////////////////////////////////////////////////////////////////////// 
.................... #device PIC16F887 
004F:  BCF    0A.0
0050:  BCF    0A.1
0051:  BCF    0A.2
0052:  ADDWF  02,F
0053:  RETLW  28
0054:  RETLW  0C
0055:  RETLW  01
0056:  RETLW  06
*
0064:  DATA 0C,00
0065:  DATA D4,32
0066:  DATA 6D,38
0067:  DATA 3A,10
0068:  DATA 25,33
0069:  DATA 00,00
006A:  DATA D3,32
006B:  DATA 74,28
006C:  DATA EF,34
006D:  DATA 6E,3A
006E:  DATA 3A,10
006F:  DATA 25,19
0070:  DATA 2E,19
0071:  DATA 66,10
0072:  DATA 43,10
0073:  DATA 20,10
0074:  DATA 00,01
0075:  DATA 45,39
0076:  DATA F2,37
0077:  DATA 72,1D
0078:  DATA A0,12
0079:  DATA 32,17
007A:  DATA 32,33
007B:  DATA A0,21
007C:  DATA 20,10
007D:  DATA 20,00
007E:  DATA 75,14
007F:  DATA EC,32
0080:  DATA 79,10
0081:  DATA C3,37
0082:  DATA EE,14
0083:  DATA 3A,10
0084:  DATA 25,36
0085:  DATA 64,10
0086:  DATA 20,10
0087:  DATA 00,00
*
0152:  BSF    0A.0
0153:  BCF    0A.1
0154:  BCF    0A.2
0155:  ADDWF  02,F
0156:  GOTO   138
0157:  GOTO   13C
0158:  GOTO   140
0159:  GOTO   144
*
018F:  MOVF   0B,W
0190:  BSF    03.5
0191:  MOVWF  2E
0192:  BCF    03.5
0193:  BCF    0B.7
0194:  BSF    03.5
0195:  BSF    03.6
0196:  BSF    0C.7
0197:  BSF    0C.0
0198:  NOP
0199:  NOP
019A:  BCF    03.6
019B:  BTFSS  2E.7
019C:  GOTO   1A0
019D:  BCF    03.5
019E:  BSF    0B.7
019F:  BSF    03.5
01A0:  BCF    03.5
01A1:  BSF    03.6
01A2:  MOVF   0C,W
01A3:  ANDLW  7F
01A4:  BTFSC  03.2
01A5:  GOTO   201
01A6:  BSF    03.5
01A7:  BCF    03.6
01A8:  MOVWF  2E
01A9:  BCF    03.5
01AA:  BSF    03.6
01AB:  MOVF   0D,W
01AC:  BSF    03.5
01AD:  BCF    03.6
01AE:  MOVWF  2F
01AF:  BCF    03.5
01B0:  BSF    03.6
01B1:  MOVF   0F,W
01B2:  BSF    03.5
01B3:  BCF    03.6
01B4:  MOVWF  30
01B5:  MOVF   2E,W
01B6:  MOVWF  3F
01B7:  BCF    03.5
01B8:  CALL   15A
01B9:  BSF    03.5
01BA:  MOVF   2F,W
01BB:  BCF    03.5
01BC:  BSF    03.6
01BD:  MOVWF  0D
01BE:  BSF    03.5
01BF:  BCF    03.6
01C0:  MOVF   30,W
01C1:  BCF    03.5
01C2:  BSF    03.6
01C3:  MOVWF  0F
01C4:  BCF    03.6
01C5:  MOVF   0B,W
01C6:  BSF    03.5
01C7:  MOVWF  31
01C8:  BCF    03.5
01C9:  BCF    0B.7
01CA:  BSF    03.5
01CB:  BSF    03.6
01CC:  BSF    0C.7
01CD:  BSF    0C.0
01CE:  NOP
01CF:  NOP
01D0:  BCF    03.6
01D1:  BTFSS  31.7
01D2:  GOTO   1D6
01D3:  BCF    03.5
01D4:  BSF    0B.7
01D5:  BSF    03.5
01D6:  BCF    03.5
01D7:  BSF    03.6
01D8:  RLF    0C,W
01D9:  RLF    0E,W
01DA:  ANDLW  7F
01DB:  BTFSC  03.2
01DC:  GOTO   201
01DD:  BSF    03.5
01DE:  BCF    03.6
01DF:  MOVWF  2E
01E0:  BCF    03.5
01E1:  BSF    03.6
01E2:  MOVF   0D,W
01E3:  BSF    03.5
01E4:  BCF    03.6
01E5:  MOVWF  2F
01E6:  BCF    03.5
01E7:  BSF    03.6
01E8:  MOVF   0F,W
01E9:  BSF    03.5
01EA:  BCF    03.6
01EB:  MOVWF  30
01EC:  MOVF   2E,W
01ED:  MOVWF  3F
01EE:  BCF    03.5
01EF:  CALL   15A
01F0:  BSF    03.5
01F1:  MOVF   2F,W
01F2:  BCF    03.5
01F3:  BSF    03.6
01F4:  MOVWF  0D
01F5:  BSF    03.5
01F6:  BCF    03.6
01F7:  MOVF   30,W
01F8:  BCF    03.5
01F9:  BSF    03.6
01FA:  MOVWF  0F
01FB:  INCF   0D,F
01FC:  BTFSC  03.2
01FD:  INCF   0F,F
01FE:  BCF    03.6
01FF:  GOTO   18F
0200:  BSF    03.6
0201:  BCF    03.6
0202:  BSF    0A.3
0203:  BCF    0A.4
0204:  GOTO   1A2 (RETURN)
0205:  BSF    03.5
0206:  MOVF   3A,W
0207:  BTFSC  03.2
0208:  GOTO   2CB
0209:  MOVWF  46
020A:  MOVF   3E,W
020B:  BTFSC  03.2
020C:  GOTO   2CB
020D:  SUBWF  46,F
020E:  BTFSS  03.0
020F:  GOTO   215
0210:  MOVLW  7F
0211:  ADDWF  46,F
0212:  BTFSC  03.0
0213:  GOTO   2CB
0214:  GOTO   21B
0215:  MOVLW  81
0216:  SUBWF  46,F
0217:  BTFSS  03.0
0218:  GOTO   2CB
0219:  BTFSC  03.2
021A:  GOTO   2CB
021B:  MOVF   46,W
021C:  MOVWF  77
021D:  CLRF   78
021E:  CLRF   79
021F:  CLRF   7A
0220:  CLRF   45
0221:  MOVF   3B,W
0222:  MOVWF  44
0223:  BSF    44.7
0224:  MOVF   3C,W
0225:  MOVWF  43
0226:  MOVF   3D,W
0227:  MOVWF  42
0228:  MOVLW  19
0229:  MOVWF  46
022A:  MOVF   41,W
022B:  SUBWF  42,F
022C:  BTFSC  03.0
022D:  GOTO   23E
022E:  MOVLW  01
022F:  SUBWF  43,F
0230:  BTFSC  03.0
0231:  GOTO   23E
0232:  SUBWF  44,F
0233:  BTFSC  03.0
0234:  GOTO   23E
0235:  SUBWF  45,F
0236:  BTFSC  03.0
0237:  GOTO   23E
0238:  INCF   45,F
0239:  INCF   44,F
023A:  INCF   43,F
023B:  MOVF   41,W
023C:  ADDWF  42,F
023D:  GOTO   270
023E:  MOVF   40,W
023F:  SUBWF  43,F
0240:  BTFSC  03.0
0241:  GOTO   259
0242:  MOVLW  01
0243:  SUBWF  44,F
0244:  BTFSC  03.0
0245:  GOTO   259
0246:  SUBWF  45,F
0247:  BTFSC  03.0
0248:  GOTO   259
0249:  INCF   45,F
024A:  INCF   44,F
024B:  MOVF   40,W
024C:  ADDWF  43,F
024D:  MOVF   41,W
024E:  ADDWF  42,F
024F:  BTFSS  03.0
0250:  GOTO   270
0251:  INCF   43,F
0252:  BTFSS  03.2
0253:  GOTO   270
0254:  INCF   44,F
0255:  BTFSS  03.2
0256:  GOTO   270
0257:  INCF   45,F
0258:  GOTO   270
0259:  MOVF   3F,W
025A:  IORLW  80
025B:  SUBWF  44,F
025C:  BTFSC  03.0
025D:  GOTO   26F
025E:  MOVLW  01
025F:  SUBWF  45,F
0260:  BTFSC  03.0
0261:  GOTO   26F
0262:  INCF   45,F
0263:  MOVF   3F,W
0264:  IORLW  80
0265:  ADDWF  44,F
0266:  MOVF   40,W
0267:  ADDWF  43,F
0268:  BTFSS  03.0
0269:  GOTO   24D
026A:  INCF   44,F
026B:  BTFSS  03.2
026C:  GOTO   24D
026D:  INCF   45,F
026E:  GOTO   24D
026F:  BSF    7A.0
0270:  DECFSZ 46,F
0271:  GOTO   273
0272:  GOTO   27E
0273:  BCF    03.0
0274:  RLF    42,F
0275:  RLF    43,F
0276:  RLF    44,F
0277:  RLF    45,F
0278:  BCF    03.0
0279:  RLF    7A,F
027A:  RLF    79,F
027B:  RLF    78,F
027C:  RLF    47,F
027D:  GOTO   22A
027E:  BTFSS  47.0
027F:  GOTO   286
0280:  BCF    03.0
0281:  RRF    78,F
0282:  RRF    79,F
0283:  RRF    7A,F
0284:  RRF    47,F
0285:  GOTO   289
0286:  DECF   77,F
0287:  BTFSC  03.2
0288:  GOTO   2CB
0289:  BTFSC  47.7
028A:  GOTO   2B2
028B:  BCF    03.0
028C:  RLF    42,F
028D:  RLF    43,F
028E:  RLF    44,F
028F:  RLF    45,F
0290:  MOVF   41,W
0291:  SUBWF  42,F
0292:  BTFSC  03.0
0293:  GOTO   29E
0294:  MOVLW  01
0295:  SUBWF  43,F
0296:  BTFSC  03.0
0297:  GOTO   29E
0298:  SUBWF  44,F
0299:  BTFSC  03.0
029A:  GOTO   29E
029B:  SUBWF  45,F
029C:  BTFSS  03.0
029D:  GOTO   2C1
029E:  MOVF   40,W
029F:  SUBWF  43,F
02A0:  BTFSC  03.0
02A1:  GOTO   2A9
02A2:  MOVLW  01
02A3:  SUBWF  44,F
02A4:  BTFSC  03.0
02A5:  GOTO   2A9
02A6:  SUBWF  45,F
02A7:  BTFSS  03.0
02A8:  GOTO   2C1
02A9:  MOVF   3F,W
02AA:  IORLW  80
02AB:  SUBWF  44,F
02AC:  BTFSC  03.0
02AD:  GOTO   2B2
02AE:  MOVLW  01
02AF:  SUBWF  45,F
02B0:  BTFSS  03.0
02B1:  GOTO   2C1
02B2:  INCF   7A,F
02B3:  BTFSS  03.2
02B4:  GOTO   2C1
02B5:  INCF   79,F
02B6:  BTFSS  03.2
02B7:  GOTO   2C1
02B8:  INCF   78,F
02B9:  BTFSS  03.2
02BA:  GOTO   2C1
02BB:  INCF   77,F
02BC:  BTFSC  03.2
02BD:  GOTO   2CB
02BE:  RRF    78,F
02BF:  RRF    79,F
02C0:  RRF    7A,F
02C1:  MOVF   3B,W
02C2:  MOVWF  46
02C3:  MOVF   3F,W
02C4:  XORWF  46,F
02C5:  BTFSS  46.7
02C6:  GOTO   2C9
02C7:  BSF    78.7
02C8:  GOTO   2CF
02C9:  BCF    78.7
02CA:  GOTO   2CF
02CB:  CLRF   77
02CC:  CLRF   78
02CD:  CLRF   79
02CE:  CLRF   7A
02CF:  BCF    03.5
02D0:  RETURN
02D1:  MOVLW  80
02D2:  BTFSS  03.1
02D3:  GOTO   2D7
02D4:  BSF    03.5
02D5:  XORWF  3B,F
02D6:  BCF    03.5
02D7:  BSF    03.5
02D8:  CLRF   40
02D9:  CLRF   41
02DA:  MOVF   37,W
02DB:  MOVWF  3F
02DC:  MOVF   3B,W
02DD:  XORWF  3F,F
02DE:  MOVF   36,W
02DF:  BTFSC  03.2
02E0:  GOTO   3C5
02E1:  MOVWF  3E
02E2:  MOVWF  77
02E3:  MOVF   3A,W
02E4:  BTFSC  03.2
02E5:  GOTO   3CE
02E6:  SUBWF  3E,F
02E7:  BTFSC  03.2
02E8:  GOTO   36A
02E9:  BTFSS  03.0
02EA:  GOTO   328
02EB:  MOVF   3B,W
02EC:  MOVWF  44
02ED:  BSF    44.7
02EE:  MOVF   3C,W
02EF:  MOVWF  43
02F0:  MOVF   3D,W
02F1:  MOVWF  42
02F2:  CLRF   41
02F3:  BCF    03.0
02F4:  RRF    44,F
02F5:  RRF    43,F
02F6:  RRF    42,F
02F7:  RRF    41,F
02F8:  DECFSZ 3E,F
02F9:  GOTO   2F2
02FA:  BTFSS  3F.7
02FB:  GOTO   2FF
02FC:  BSF    40.0
02FD:  GOTO   3E2
02FE:  BCF    40.0
02FF:  BCF    3E.0
0300:  BSF    40.4
0301:  MOVLW  B9
0302:  MOVWF  04
0303:  BCF    03.7
0304:  GOTO   3F7
0305:  BCF    40.4
0306:  BTFSC  3F.7
0307:  GOTO   312
0308:  BTFSS  3E.0
0309:  GOTO   31D
030A:  RRF    44,F
030B:  RRF    43,F
030C:  RRF    42,F
030D:  RRF    41,F
030E:  INCF   77,F
030F:  BTFSC  03.2
0310:  GOTO   3DD
0311:  GOTO   31D
0312:  BTFSC  44.7
0313:  GOTO   320
0314:  BCF    03.0
0315:  RLF    41,F
0316:  RLF    42,F
0317:  RLF    43,F
0318:  RLF    44,F
0319:  DECF   77,F
031A:  BTFSC  03.2
031B:  GOTO   3DD
031C:  GOTO   312
031D:  BSF    40.6
031E:  GOTO   38A
031F:  BCF    40.6
0320:  MOVF   37,W
0321:  MOVWF  3F
0322:  BTFSS  3F.7
0323:  GOTO   326
0324:  BSF    44.7
0325:  GOTO   3D6
0326:  BCF    44.7
0327:  GOTO   3D6
0328:  MOVF   3A,W
0329:  MOVWF  3E
032A:  MOVWF  77
032B:  MOVF   36,W
032C:  SUBWF  3E,F
032D:  MOVF   37,W
032E:  MOVWF  44
032F:  BSF    44.7
0330:  MOVF   38,W
0331:  MOVWF  43
0332:  MOVF   39,W
0333:  MOVWF  42
0334:  CLRF   41
0335:  BCF    03.0
0336:  RRF    44,F
0337:  RRF    43,F
0338:  RRF    42,F
0339:  RRF    41,F
033A:  DECFSZ 3E,F
033B:  GOTO   334
033C:  BTFSS  3F.7
033D:  GOTO   341
033E:  BSF    40.1
033F:  GOTO   3E2
0340:  BCF    40.1
0341:  BCF    3E.0
0342:  BSF    40.5
0343:  MOVLW  BD
0344:  MOVWF  04
0345:  BCF    03.7
0346:  GOTO   3F7
0347:  BCF    40.5
0348:  BTFSC  3F.7
0349:  GOTO   354
034A:  BTFSS  3E.0
034B:  GOTO   35F
034C:  RRF    44,F
034D:  RRF    43,F
034E:  RRF    42,F
034F:  RRF    41,F
0350:  INCF   77,F
0351:  BTFSC  03.2
0352:  GOTO   3DD
0353:  GOTO   35F
0354:  BTFSC  44.7
0355:  GOTO   362
0356:  BCF    03.0
0357:  RLF    41,F
0358:  RLF    42,F
0359:  RLF    43,F
035A:  RLF    44,F
035B:  DECF   77,F
035C:  BTFSC  03.2
035D:  GOTO   3DD
035E:  GOTO   354
035F:  BSF    40.7
0360:  GOTO   38A
0361:  BCF    40.7
0362:  MOVF   3B,W
0363:  MOVWF  3F
0364:  BTFSS  3F.7
0365:  GOTO   368
0366:  BSF    44.7
0367:  GOTO   3D6
0368:  BCF    44.7
0369:  GOTO   3D6
036A:  MOVF   3B,W
036B:  MOVWF  44
036C:  BSF    44.7
036D:  MOVF   3C,W
036E:  MOVWF  43
036F:  MOVF   3D,W
0370:  MOVWF  42
0371:  BTFSS  3F.7
0372:  GOTO   377
0373:  BCF    44.7
0374:  BSF    40.2
0375:  GOTO   3E2
0376:  BCF    40.2
0377:  CLRF   41
0378:  BCF    3E.0
0379:  MOVLW  B9
037A:  MOVWF  04
037B:  BCF    03.7
037C:  GOTO   3F7
037D:  BTFSC  3F.7
037E:  GOTO   3A0
037F:  MOVF   37,W
0380:  MOVWF  3F
0381:  BTFSS  3E.0
0382:  GOTO   38A
0383:  RRF    44,F
0384:  RRF    43,F
0385:  RRF    42,F
0386:  RRF    41,F
0387:  INCF   77,F
0388:  BTFSC  03.2
0389:  GOTO   3DD
038A:  BTFSS  41.7
038B:  GOTO   39B
038C:  INCF   42,F
038D:  BTFSS  03.2
038E:  GOTO   39B
038F:  INCF   43,F
0390:  BTFSS  03.2
0391:  GOTO   39B
0392:  INCF   44,F
0393:  BTFSS  03.2
0394:  GOTO   39B
0395:  RRF    44,F
0396:  RRF    43,F
0397:  RRF    42,F
0398:  INCF   77,F
0399:  BTFSC  03.2
039A:  GOTO   3DD
039B:  BTFSC  40.6
039C:  GOTO   31F
039D:  BTFSC  40.7
039E:  GOTO   361
039F:  GOTO   3BF
03A0:  MOVLW  80
03A1:  XORWF  44,F
03A2:  BTFSS  44.7
03A3:  GOTO   3A8
03A4:  GOTO   3E2
03A5:  MOVF   3B,W
03A6:  MOVWF  3F
03A7:  GOTO   3B5
03A8:  MOVF   37,W
03A9:  MOVWF  3F
03AA:  MOVF   44,F
03AB:  BTFSS  03.2
03AC:  GOTO   3B5
03AD:  MOVF   43,F
03AE:  BTFSS  03.2
03AF:  GOTO   3B5
03B0:  MOVF   42,F
03B1:  BTFSS  03.2
03B2:  GOTO   3B5
03B3:  CLRF   77
03B4:  GOTO   3D6
03B5:  BTFSC  44.7
03B6:  GOTO   3BF
03B7:  BCF    03.0
03B8:  RLF    41,F
03B9:  RLF    42,F
03BA:  RLF    43,F
03BB:  RLF    44,F
03BC:  DECFSZ 77,F
03BD:  GOTO   3B5
03BE:  GOTO   3DD
03BF:  BTFSS  3F.7
03C0:  GOTO   3C3
03C1:  BSF    44.7
03C2:  GOTO   3D6
03C3:  BCF    44.7
03C4:  GOTO   3D6
03C5:  MOVF   3A,W
03C6:  MOVWF  77
03C7:  MOVF   3B,W
03C8:  MOVWF  44
03C9:  MOVF   3C,W
03CA:  MOVWF  43
03CB:  MOVF   3D,W
03CC:  MOVWF  42
03CD:  GOTO   3D6
03CE:  MOVF   36,W
03CF:  MOVWF  77
03D0:  MOVF   37,W
03D1:  MOVWF  44
03D2:  MOVF   38,W
03D3:  MOVWF  43
03D4:  MOVF   39,W
03D5:  MOVWF  42
03D6:  MOVF   44,W
03D7:  MOVWF  78
03D8:  MOVF   43,W
03D9:  MOVWF  79
03DA:  MOVF   42,W
03DB:  MOVWF  7A
03DC:  GOTO   415
03DD:  CLRF   77
03DE:  CLRF   78
03DF:  CLRF   79
03E0:  CLRF   7A
03E1:  GOTO   415
03E2:  CLRF   41
03E3:  COMF   42,F
03E4:  COMF   43,F
03E5:  COMF   44,F
03E6:  COMF   41,F
03E7:  INCF   41,F
03E8:  BTFSS  03.2
03E9:  GOTO   3F0
03EA:  INCF   42,F
03EB:  BTFSS  03.2
03EC:  GOTO   3F0
03ED:  INCF   43,F
03EE:  BTFSC  03.2
03EF:  INCF   44,F
03F0:  BTFSC  40.0
03F1:  GOTO   2FE
03F2:  BTFSC  40.1
03F3:  GOTO   340
03F4:  BTFSC  40.2
03F5:  GOTO   376
03F6:  GOTO   3A5
03F7:  MOVF   00,W
03F8:  ADDWF  42,F
03F9:  BTFSS  03.0
03FA:  GOTO   401
03FB:  INCF   43,F
03FC:  BTFSS  03.2
03FD:  GOTO   401
03FE:  INCF   44,F
03FF:  BTFSC  03.2
0400:  BSF    3E.0
0401:  DECF   04,F
0402:  MOVF   00,W
0403:  ADDWF  43,F
0404:  BTFSS  03.0
0405:  GOTO   409
0406:  INCF   44,F
0407:  BTFSC  03.2
0408:  BSF    3E.0
0409:  DECF   04,F
040A:  MOVF   00,W
040B:  BTFSS  00.7
040C:  XORLW  80
040D:  ADDWF  44,F
040E:  BTFSC  03.0
040F:  BSF    3E.0
0410:  BTFSC  40.4
0411:  GOTO   305
0412:  BTFSC  40.5
0413:  GOTO   347
0414:  GOTO   37D
0415:  BCF    03.5
0416:  RETURN
0417:  BSF    03.5
0418:  MOVF   3F,W
0419:  BTFSC  03.2
041A:  GOTO   488
041B:  MOVWF  47
041C:  MOVF   43,W
041D:  BTFSC  03.2
041E:  GOTO   488
041F:  ADDWF  47,F
0420:  BTFSC  03.0
0421:  GOTO   429
0422:  MOVLW  7F
0423:  SUBWF  47,F
0424:  BTFSS  03.0
0425:  GOTO   488
0426:  BTFSC  03.2
0427:  GOTO   488
0428:  GOTO   42D
0429:  MOVLW  81
042A:  ADDWF  47,F
042B:  BTFSC  03.0
042C:  GOTO   488
042D:  MOVF   47,W
042E:  MOVWF  77
042F:  CLRF   78
0430:  CLRF   79
0431:  CLRF   7A
0432:  MOVF   40,W
0433:  MOVWF  4B
0434:  BSF    4B.7
0435:  MOVF   41,W
0436:  MOVWF  4A
0437:  MOVF   42,W
0438:  MOVWF  49
0439:  MOVLW  18
043A:  MOVWF  47
043B:  CLRF   48
043C:  BTFSS  49.0
043D:  GOTO   456
043E:  MOVF   46,W
043F:  ADDWF  7A,F
0440:  BTFSS  03.0
0441:  GOTO   448
0442:  INCF   79,F
0443:  BTFSS  03.2
0444:  GOTO   448
0445:  INCF   78,F
0446:  BTFSC  03.2
0447:  BSF    48.7
0448:  MOVF   45,W
0449:  ADDWF  79,F
044A:  BTFSS  03.0
044B:  GOTO   44F
044C:  INCF   78,F
044D:  BTFSC  03.2
044E:  BSF    48.7
044F:  MOVF   44,W
0450:  MOVWF  41
0451:  BSF    41.7
0452:  MOVF   41,W
0453:  ADDWF  78,F
0454:  BTFSC  03.0
0455:  BSF    48.7
0456:  RLF    48,F
0457:  RRF    78,F
0458:  RRF    79,F
0459:  RRF    7A,F
045A:  RRF    4B,F
045B:  RRF    4A,F
045C:  RRF    49,F
045D:  BCF    03.0
045E:  DECFSZ 47,F
045F:  GOTO   43B
0460:  MOVLW  01
0461:  ADDWF  77,F
0462:  BTFSC  03.0
0463:  GOTO   488
0464:  BTFSC  78.7
0465:  GOTO   46D
0466:  RLF    4B,F
0467:  RLF    7A,F
0468:  RLF    79,F
0469:  RLF    78,F
046A:  DECF   77,F
046B:  BTFSC  03.2
046C:  GOTO   488
046D:  BTFSS  4B.7
046E:  GOTO   47E
046F:  INCF   7A,F
0470:  BTFSS  03.2
0471:  GOTO   47E
0472:  INCF   79,F
0473:  BTFSS  03.2
0474:  GOTO   47E
0475:  INCF   78,F
0476:  BTFSS  03.2
0477:  GOTO   47E
0478:  RRF    78,F
0479:  RRF    79,F
047A:  RRF    7A,F
047B:  INCF   77,F
047C:  BTFSC  03.2
047D:  GOTO   488
047E:  MOVF   40,W
047F:  MOVWF  48
0480:  MOVF   44,W
0481:  XORWF  48,F
0482:  BTFSS  48.7
0483:  GOTO   486
0484:  BSF    78.7
0485:  GOTO   48C
0486:  BCF    78.7
0487:  GOTO   48C
0488:  CLRF   77
0489:  CLRF   78
048A:  CLRF   79
048B:  CLRF   7A
048C:  BCF    03.5
048D:  RETURN
048E:  MOVLW  8E
048F:  MOVWF  77
0490:  BSF    03.5
0491:  MOVF   2F,W
0492:  MOVWF  78
0493:  MOVF   2E,W
0494:  MOVWF  79
0495:  CLRF   7A
0496:  MOVF   78,F
0497:  BTFSS  03.2
0498:  GOTO   4A3
0499:  MOVF   79,W
049A:  MOVWF  78
049B:  CLRF   79
049C:  MOVLW  08
049D:  SUBWF  77,F
049E:  MOVF   78,F
049F:  BTFSS  03.2
04A0:  GOTO   4A3
04A1:  CLRF   77
04A2:  GOTO   4AB
04A3:  BCF    03.0
04A4:  BTFSC  78.7
04A5:  GOTO   4AA
04A6:  RLF    79,F
04A7:  RLF    78,F
04A8:  DECF   77,F
04A9:  GOTO   4A3
04AA:  BCF    78.7
04AB:  BCF    03.5
04AC:  BSF    0A.3
04AD:  BCF    0A.4
04AE:  GOTO   4A7 (RETURN)
04AF:  BSF    03.5
04B0:  MOVF   2F,W
04B1:  MOVWF  36
04B2:  MOVF   33,W
04B3:  XORWF  36,F
04B4:  BTFSS  36.7
04B5:  GOTO   4BB
04B6:  BCF    03.2
04B7:  BCF    03.0
04B8:  BTFSC  2F.7
04B9:  BSF    03.0
04BA:  GOTO   4EE
04BB:  MOVF   2F,W
04BC:  MOVWF  36
04BD:  MOVF   32,W
04BE:  MOVWF  37
04BF:  MOVF   2E,W
04C0:  SUBWF  37,F
04C1:  BTFSC  03.2
04C2:  GOTO   4C9
04C3:  BTFSS  36.7
04C4:  GOTO   4EE
04C5:  MOVF   03,W
04C6:  XORLW  01
04C7:  MOVWF  03
04C8:  GOTO   4EE
04C9:  MOVF   33,W
04CA:  MOVWF  37
04CB:  MOVF   2F,W
04CC:  SUBWF  37,F
04CD:  BTFSC  03.2
04CE:  GOTO   4D5
04CF:  BTFSS  36.7
04D0:  GOTO   4EE
04D1:  MOVF   03,W
04D2:  XORLW  01
04D3:  MOVWF  03
04D4:  GOTO   4EE
04D5:  MOVF   34,W
04D6:  MOVWF  37
04D7:  MOVF   30,W
04D8:  SUBWF  37,F
04D9:  BTFSC  03.2
04DA:  GOTO   4E1
04DB:  BTFSS  36.7
04DC:  GOTO   4EE
04DD:  MOVF   03,W
04DE:  XORLW  01
04DF:  MOVWF  03
04E0:  GOTO   4EE
04E1:  MOVF   35,W
04E2:  MOVWF  37
04E3:  MOVF   31,W
04E4:  SUBWF  37,F
04E5:  BTFSC  03.2
04E6:  GOTO   4ED
04E7:  BTFSS  36.7
04E8:  GOTO   4EE
04E9:  MOVF   03,W
04EA:  XORLW  01
04EB:  MOVWF  03
04EC:  GOTO   4EE
04ED:  BCF    03.0
04EE:  BCF    03.5
04EF:  RETURN
*
0643:  MOVLW  8E
0644:  MOVWF  77
0645:  MOVF   2E,W
0646:  SUBWF  77,F
0647:  MOVF   2F,W
0648:  MOVWF  79
0649:  MOVF   30,W
064A:  MOVWF  78
064B:  BSF    79.7
064C:  MOVF   77,F
064D:  BTFSC  03.2
064E:  GOTO   65A
064F:  BCF    03.0
0650:  MOVF   79,F
0651:  BTFSS  03.2
0652:  GOTO   656
0653:  MOVF   78,F
0654:  BTFSC  03.2
0655:  GOTO   65A
0656:  RRF    79,F
0657:  RRF    78,F
0658:  DECFSZ 77,F
0659:  GOTO   64F
065A:  BTFSS  2F.7
065B:  GOTO   661
065C:  COMF   78,F
065D:  COMF   79,F
065E:  INCF   78,F
065F:  BTFSC  03.2
0660:  INCF   79,F
*
0694:  MOVF   0B,W
0695:  BSF    03.5
0696:  MOVWF  33
0697:  BCF    03.5
0698:  BCF    0B.7
0699:  BSF    03.5
069A:  BSF    03.6
069B:  BSF    0C.7
069C:  BSF    0C.0
069D:  NOP
069E:  NOP
069F:  BCF    03.6
06A0:  BTFSS  33.7
06A1:  GOTO   6A5
06A2:  BCF    03.5
06A3:  BSF    0B.7
06A4:  BSF    03.5
06A5:  BTFSC  03.0
06A6:  GOTO   6DE
06A7:  BCF    03.5
06A8:  BSF    03.6
06A9:  MOVF   0C,W
06AA:  ANDLW  7F
06AB:  BSF    03.5
06AC:  BCF    03.6
06AD:  MOVWF  33
06AE:  BCF    03.5
06AF:  BSF    03.6
06B0:  MOVF   0D,W
06B1:  BSF    03.5
06B2:  BCF    03.6
06B3:  MOVWF  34
06B4:  BCF    03.5
06B5:  BSF    03.6
06B6:  MOVF   0F,W
06B7:  BSF    03.5
06B8:  BCF    03.6
06B9:  MOVWF  35
06BA:  MOVF   33,W
06BB:  MOVWF  3F
06BC:  BCF    03.5
06BD:  CALL   15A
06BE:  BSF    03.5
06BF:  MOVF   34,W
06C0:  BCF    03.5
06C1:  BSF    03.6
06C2:  MOVWF  0D
06C3:  BSF    03.5
06C4:  BCF    03.6
06C5:  MOVF   35,W
06C6:  BCF    03.5
06C7:  BSF    03.6
06C8:  MOVWF  0F
06C9:  BCF    03.6
06CA:  MOVF   0B,W
06CB:  BSF    03.5
06CC:  MOVWF  36
06CD:  BCF    03.5
06CE:  BCF    0B.7
06CF:  BSF    03.5
06D0:  BSF    03.6
06D1:  BSF    0C.7
06D2:  BSF    0C.0
06D3:  NOP
06D4:  NOP
06D5:  BCF    03.6
06D6:  BTFSS  36.7
06D7:  GOTO   6DB
06D8:  BCF    03.5
06D9:  BSF    0B.7
06DA:  BSF    03.5
06DB:  DECFSZ 32,F
06DC:  GOTO   6DE
06DD:  GOTO   70C
06DE:  BCF    03.5
06DF:  BSF    03.6
06E0:  RLF    0C,W
06E1:  RLF    0E,W
06E2:  ANDLW  7F
06E3:  BSF    03.5
06E4:  BCF    03.6
06E5:  MOVWF  33
06E6:  BCF    03.5
06E7:  BSF    03.6
06E8:  MOVF   0D,W
06E9:  BSF    03.5
06EA:  BCF    03.6
06EB:  MOVWF  34
06EC:  BCF    03.5
06ED:  BSF    03.6
06EE:  MOVF   0F,W
06EF:  BSF    03.5
06F0:  BCF    03.6
06F1:  MOVWF  35
06F2:  MOVF   33,W
06F3:  MOVWF  3F
06F4:  BCF    03.5
06F5:  CALL   15A
06F6:  BSF    03.5
06F7:  MOVF   34,W
06F8:  BCF    03.5
06F9:  BSF    03.6
06FA:  MOVWF  0D
06FB:  BSF    03.5
06FC:  BCF    03.6
06FD:  MOVF   35,W
06FE:  BCF    03.5
06FF:  BSF    03.6
0700:  MOVWF  0F
0701:  INCF   0D,F
0702:  BTFSC  03.2
0703:  INCF   0F,F
0704:  BCF    03.0
0705:  BSF    03.5
0706:  BCF    03.6
0707:  DECFSZ 32,F
0708:  GOTO   70A
0709:  GOTO   70C
070A:  BCF    03.5
070B:  GOTO   694
070C:  BCF    03.5
070D:  RETURN
070E:  BTFSC  03.1
070F:  GOTO   713
0710:  MOVLW  C7
0711:  MOVWF  04
0712:  BCF    03.7
0713:  CLRF   77
0714:  CLRF   78
0715:  CLRF   79
0716:  CLRF   7A
0717:  BSF    03.5
0718:  CLRF   47
0719:  CLRF   48
071A:  CLRF   49
071B:  CLRF   4A
071C:  MOVF   46,W
071D:  IORWF  45,W
071E:  IORWF  44,W
071F:  IORWF  43,W
0720:  BTFSC  03.2
0721:  GOTO   752
0722:  MOVLW  20
0723:  MOVWF  4B
0724:  BCF    03.0
0725:  RLF    3F,F
0726:  RLF    40,F
0727:  RLF    41,F
0728:  RLF    42,F
0729:  RLF    47,F
072A:  RLF    48,F
072B:  RLF    49,F
072C:  RLF    4A,F
072D:  MOVF   46,W
072E:  SUBWF  4A,W
072F:  BTFSS  03.2
0730:  GOTO   73B
0731:  MOVF   45,W
0732:  SUBWF  49,W
0733:  BTFSS  03.2
0734:  GOTO   73B
0735:  MOVF   44,W
0736:  SUBWF  48,W
0737:  BTFSS  03.2
0738:  GOTO   73B
0739:  MOVF   43,W
073A:  SUBWF  47,W
073B:  BTFSS  03.0
073C:  GOTO   74C
073D:  MOVF   43,W
073E:  SUBWF  47,F
073F:  MOVF   44,W
0740:  BTFSS  03.0
0741:  INCFSZ 44,W
0742:  SUBWF  48,F
0743:  MOVF   45,W
0744:  BTFSS  03.0
0745:  INCFSZ 45,W
0746:  SUBWF  49,F
0747:  MOVF   46,W
0748:  BTFSS  03.0
0749:  INCFSZ 46,W
074A:  SUBWF  4A,F
074B:  BSF    03.0
074C:  RLF    77,F
074D:  RLF    78,F
074E:  RLF    79,F
074F:  RLF    7A,F
0750:  DECFSZ 4B,F
0751:  GOTO   724
0752:  MOVF   47,W
0753:  MOVWF  00
0754:  INCF   04,F
0755:  MOVF   48,W
0756:  MOVWF  00
0757:  INCF   04,F
0758:  MOVF   49,W
0759:  MOVWF  00
075A:  INCF   04,F
075B:  MOVF   4A,W
075C:  MOVWF  00
075D:  BCF    03.5
075E:  RETURN
075F:  BSF    03.5
0760:  CLRF   36
0761:  MOVF   04,W
0762:  MOVWF  35
0763:  BCF    36.0
0764:  BTFSC  03.7
0765:  BSF    36.0
0766:  BTFSS  2F.7
0767:  GOTO   770
0768:  BSF    35.7
0769:  BTFSS  35.4
076A:  INCF   35,F
076B:  COMF   2E,F
076C:  COMF   2F,F
076D:  INCF   2E,F
076E:  BTFSC  03.2
076F:  INCF   2F,F
0770:  SWAPF  2F,W
0771:  IORLW  F0
0772:  MOVWF  31
0773:  ADDWF  31,F
0774:  ADDLW  E2
0775:  MOVWF  32
0776:  ADDLW  32
0777:  MOVWF  34
0778:  MOVF   2F,W
0779:  ANDLW  0F
077A:  ADDWF  32,F
077B:  ADDWF  32,F
077C:  ADDWF  34,F
077D:  ADDLW  E9
077E:  MOVWF  33
077F:  ADDWF  33,F
0780:  ADDWF  33,F
0781:  SWAPF  2E,W
0782:  ANDLW  0F
0783:  ADDWF  33,F
0784:  ADDWF  34,F
0785:  RLF    33,F
0786:  RLF    34,F
0787:  COMF   34,F
0788:  RLF    34,F
0789:  MOVF   2E,W
078A:  ANDLW  0F
078B:  ADDWF  34,F
078C:  RLF    31,F
078D:  MOVLW  07
078E:  MOVWF  30
078F:  MOVLW  0A
0790:  ADDWF  34,F
0791:  DECF   33,F
0792:  BTFSS  03.0
0793:  GOTO   790
0794:  ADDWF  33,F
0795:  DECF   32,F
0796:  BTFSS  03.0
0797:  GOTO   794
0798:  ADDWF  32,F
0799:  DECF   31,F
079A:  BTFSS  03.0
079B:  GOTO   798
079C:  ADDWF  31,F
079D:  DECF   30,F
079E:  BTFSS  03.0
079F:  GOTO   79C
07A0:  MOVLW  B0
07A1:  MOVWF  04
07A2:  BCF    03.7
07A3:  MOVLW  07
07A4:  ANDWF  35,W
07A5:  BCF    35.6
07A6:  DECF   04,F
07A7:  ANDWF  35,W
07A8:  BTFSS  03.2
07A9:  GOTO   7B1
07AA:  BTFSC  35.4
07AB:  INCF   04,F
07AC:  BTFSC  35.4
07AD:  GOTO   7B1
07AE:  MOVLW  20
07AF:  MOVWF  77
07B0:  GOTO   7CE
07B1:  ADDWF  04,F
07B2:  MOVLW  B4
07B3:  SUBWF  04,W
07B4:  BTFSC  03.2
07B5:  BSF    35.6
07B6:  MOVF   00,W
07B7:  MOVWF  77
07B8:  BTFSS  03.2
07B9:  GOTO   7C2
07BA:  BTFSC  35.6
07BB:  GOTO   7C2
07BC:  BTFSC  35.4
07BD:  GOTO   7DE
07BE:  BTFSC  35.3
07BF:  GOTO   7C2
07C0:  MOVLW  20
07C1:  GOTO   7CD
07C2:  BTFSS  35.7
07C3:  GOTO   7CA
07C4:  MOVLW  2D
07C5:  MOVWF  77
07C6:  DECF   04,F
07C7:  BCF    35.6
07C8:  BCF    35.7
07C9:  GOTO   7CE
07CA:  BSF    35.3
07CB:  BCF    35.4
07CC:  MOVLW  30
07CD:  ADDWF  77,F
07CE:  CLRF   2F
07CF:  MOVF   04,W
07D0:  MOVWF  2E
07D1:  BCF    2F.0
07D2:  BTFSC  03.7
07D3:  BSF    2F.0
07D4:  MOVF   77,W
07D5:  MOVWF  3F
07D6:  BCF    03.5
07D7:  CALL   15A
07D8:  BSF    03.5
07D9:  MOVF   2E,W
07DA:  MOVWF  04
07DB:  BCF    03.7
07DC:  BTFSC  2F.0
07DD:  BSF    03.7
07DE:  INCF   04,F
07DF:  BTFSS  35.6
07E0:  GOTO   7B2
07E1:  BCF    03.5
07E2:  BSF    0A.3
07E3:  BCF    0A.4
07E4:  GOTO   5FC (RETURN)
*
0800:  MOVF   04,W
0801:  BSF    03.5
0802:  MOVWF  37
0803:  MOVF   36,W
0804:  MOVWF  39
0805:  BTFSC  03.2
0806:  GOTO   024
0807:  MOVF   35,W
0808:  MOVWF  42
0809:  MOVF   34,W
080A:  MOVWF  41
080B:  MOVF   33,W
080C:  MOVWF  40
080D:  MOVF   32,W
080E:  MOVWF  3F
080F:  CLRF   46
0810:  CLRF   45
0811:  MOVLW  20
0812:  MOVWF  44
0813:  MOVLW  82
0814:  MOVWF  43
0815:  BCF    0A.3
0816:  BCF    03.5
0817:  CALL   417
0818:  BSF    0A.3
0819:  MOVF   7A,W
081A:  BSF    03.5
081B:  MOVWF  35
081C:  MOVF   79,W
081D:  MOVWF  34
081E:  MOVF   78,W
081F:  MOVWF  33
0820:  MOVF   77,W
0821:  MOVWF  32
0822:  DECFSZ 39,F
0823:  GOTO   007
0824:  MOVF   35,W
0825:  MOVWF  42
0826:  MOVF   34,W
0827:  MOVWF  41
0828:  MOVF   33,W
0829:  MOVWF  40
082A:  MOVF   32,W
082B:  MOVWF  3F
082C:  MOVF   3F,W
082D:  SUBLW  B6
082E:  MOVWF  3F
082F:  CLRF   7A
0830:  MOVF   40,W
0831:  MOVWF  43
0832:  BSF    40.7
0833:  BCF    03.0
0834:  RRF    40,F
0835:  RRF    41,F
0836:  RRF    42,F
0837:  RRF    7A,F
0838:  RRF    79,F
0839:  RRF    78,F
083A:  RRF    77,F
083B:  DECFSZ 3F,F
083C:  GOTO   033
083D:  BTFSS  43.7
083E:  GOTO   04A
083F:  COMF   77,F
0840:  COMF   78,F
0841:  COMF   79,F
0842:  COMF   7A,F
0843:  INCF   77,F
0844:  BTFSC  03.2
0845:  INCF   78,F
0846:  BTFSC  03.2
0847:  INCF   79,F
0848:  BTFSC  03.2
0849:  INCF   7A,F
084A:  MOVF   7A,W
084B:  MOVWF  35
084C:  MOVF   79,W
084D:  MOVWF  34
084E:  MOVF   78,W
084F:  MOVWF  33
0850:  MOVF   77,W
0851:  MOVWF  32
0852:  BTFSS  35.7
0853:  GOTO   061
0854:  DECF   37,F
0855:  BSF    37.5
0856:  COMF   32,F
0857:  COMF   33,F
0858:  COMF   34,F
0859:  COMF   35,F
085A:  INCF   32,F
085B:  BTFSC  03.2
085C:  INCF   33,F
085D:  BTFSC  03.2
085E:  INCF   34,F
085F:  BTFSC  03.2
0860:  INCF   35,F
0861:  MOVLW  3B
0862:  MOVWF  3E
0863:  MOVLW  9A
0864:  MOVWF  3D
0865:  MOVLW  CA
0866:  MOVWF  3C
0867:  CLRF   3B
0868:  MOVLW  0A
0869:  MOVWF  39
086A:  MOVF   36,W
086B:  BTFSC  03.2
086C:  INCF   37,F
086D:  BSF    03.1
086E:  MOVLW  B2
086F:  MOVWF  04
0870:  BCF    03.7
0871:  MOVF   35,W
0872:  MOVWF  42
0873:  MOVF   34,W
0874:  MOVWF  41
0875:  MOVF   33,W
0876:  MOVWF  40
0877:  MOVF   32,W
0878:  MOVWF  3F
0879:  MOVF   3E,W
087A:  MOVWF  46
087B:  MOVF   3D,W
087C:  MOVWF  45
087D:  MOVF   3C,W
087E:  MOVWF  44
087F:  MOVF   3B,W
0880:  MOVWF  43
0881:  BCF    0A.3
0882:  BCF    03.5
0883:  CALL   70E
0884:  BSF    0A.3
0885:  MOVF   78,W
0886:  MOVF   77,F
0887:  BTFSS  03.2
0888:  GOTO   0A0
0889:  BSF    03.5
088A:  INCF   36,W
088B:  SUBWF  39,W
088C:  BTFSS  03.2
088D:  GOTO   090
088E:  BCF    03.5
088F:  GOTO   0A0
0890:  MOVF   37,W
0891:  BTFSC  03.2
0892:  GOTO   0A3
0893:  ANDLW  0F
0894:  SUBWF  39,W
0895:  BTFSC  03.2
0896:  GOTO   099
0897:  BTFSC  03.0
0898:  GOTO   0E3
0899:  BTFSC  37.7
089A:  GOTO   0E3
089B:  BTFSC  37.6
089C:  GOTO   0A3
089D:  MOVLW  20
089E:  GOTO   0DB
089F:  BCF    03.5
08A0:  MOVLW  20
08A1:  BSF    03.5
08A2:  ANDWF  37,F
08A3:  BTFSS  37.5
08A4:  GOTO   0B5
08A5:  BCF    37.5
08A6:  MOVF   36,W
08A7:  BTFSS  03.2
08A8:  DECF   37,F
08A9:  MOVF   77,W
08AA:  MOVWF  37
08AB:  MOVLW  2D
08AC:  MOVWF  3F
08AD:  BCF    0A.3
08AE:  BCF    03.5
08AF:  CALL   15A
08B0:  BSF    0A.3
08B1:  BSF    03.5
08B2:  MOVF   37,W
08B3:  MOVWF  77
08B4:  CLRF   37
08B5:  MOVF   36,W
08B6:  SUBWF  39,W
08B7:  BTFSS  03.2
08B8:  GOTO   0C7
08B9:  MOVF   77,W
08BA:  MOVWF  37
08BB:  MOVLW  2E
08BC:  MOVWF  3F
08BD:  BCF    0A.3
08BE:  BCF    03.5
08BF:  CALL   15A
08C0:  BSF    0A.3
08C1:  BSF    03.5
08C2:  MOVF   37,W
08C3:  MOVWF  77
08C4:  MOVLW  20
08C5:  ANDWF  37,F
08C6:  MOVLW  00
08C7:  MOVLW  30
08C8:  BTFSS  37.5
08C9:  GOTO   0DB
08CA:  BCF    37.5
08CB:  MOVF   36,W
08CC:  BTFSS  03.2
08CD:  DECF   37,F
08CE:  MOVF   77,W
08CF:  MOVWF  37
08D0:  MOVLW  2D
08D1:  MOVWF  3F
08D2:  BCF    0A.3
08D3:  BCF    03.5
08D4:  CALL   15A
08D5:  BSF    0A.3
08D6:  BSF    03.5
08D7:  MOVF   37,W
08D8:  MOVWF  77
08D9:  CLRF   37
08DA:  MOVLW  30
08DB:  ADDWF  77,F
08DC:  MOVF   77,W
08DD:  MOVWF  3F
08DE:  BCF    0A.3
08DF:  BCF    03.5
08E0:  CALL   15A
08E1:  BSF    0A.3
08E2:  BSF    03.5
08E3:  BCF    03.1
08E4:  MOVF   3E,W
08E5:  MOVWF  42
08E6:  MOVF   3D,W
08E7:  MOVWF  41
08E8:  MOVF   3C,W
08E9:  MOVWF  40
08EA:  MOVF   3B,W
08EB:  MOVWF  3F
08EC:  CLRF   46
08ED:  CLRF   45
08EE:  CLRF   44
08EF:  MOVLW  0A
08F0:  MOVWF  43
08F1:  BCF    0A.3
08F2:  BCF    03.5
08F3:  CALL   70E
08F4:  BSF    0A.3
08F5:  MOVF   7A,W
08F6:  BSF    03.5
08F7:  MOVWF  3E
08F8:  MOVF   79,W
08F9:  MOVWF  3D
08FA:  MOVF   78,W
08FB:  MOVWF  3C
08FC:  MOVF   77,W
08FD:  MOVWF  3B
08FE:  DECFSZ 39,F
08FF:  GOTO   06D
0900:  BCF    03.5
0901:  RETURN
....................  
.................... #list 
....................  
.................... #DEVICE ADC=10 
.................... #USE DELAY(crystal=4000000) 
*
0088:  MOVLW  C0
0089:  MOVWF  04
008A:  BCF    03.7
008B:  MOVF   00,W
008C:  BTFSC  03.2
008D:  GOTO   09C
008E:  MOVLW  01
008F:  MOVWF  78
0090:  CLRF   77
0091:  DECFSZ 77,F
0092:  GOTO   091
0093:  DECFSZ 78,F
0094:  GOTO   090
0095:  MOVLW  4A
0096:  MOVWF  77
0097:  DECFSZ 77,F
0098:  GOTO   097
0099:  GOTO   09A
009A:  DECFSZ 00,F
009B:  GOTO   08E
009C:  RETURN
.................... #FUSES XT,NOPROTECT,NOWDT,NOBROWNOUT,PUT,NOLVP 
.................... #include <lcd420.c> 
.................... //////////////////////////////////////////////////////////////////////////// 
.................... ////                             LCD420.C                               //// 
.................... ////            Driver for common 4x20 LCD modules                      //// 
.................... ////                                                                    //// 
.................... ////  lcd_init()   Must be called before any other function.            //// 
.................... ////                                                                    //// 
.................... ////  lcd_putc(c)  Will display c on the next position of the LCD.      //// 
.................... ////                     The following have special meaning:            //// 
.................... ////                      \f  Clear display                             //// 
.................... ////                      \n  Go to start of second line                //// 
.................... ////                      \b  Move back one position                    //// 
.................... ////                                                                    //// 
.................... ////  lcd_gotoxy(x,y) Set write position on LCD (upper left is 1,1)     //// 
.................... ////                                                                    //// 
.................... ////  lcd_getc(x,y)   Returns character at position x,y on LCD          //// 
.................... ////                                                                    //// 
.................... //////////////////////////////////////////////////////////////////////////// 
.................... ////        (C) Copyright 1996,1997 Custom Computer Services            //// 
.................... //// This source code may only be used by licensed users of the CCS C   //// 
.................... //// compiler.  This source code may only be distributed to other       //// 
.................... //// licensed users of the CCS C compiler.  No other use, reproduction  //// 
.................... //// or distribution is permitted without written permission.           //// 
.................... //// Derivative programs created using this software in object code     //// 
.................... //// form are not restricted in any way.                                //// 
.................... //////////////////////////////////////////////////////////////////////////// 
....................  
.................... // As defined in the following structure the pin connection is as follows: 
.................... //     B0  enable 
.................... //     B1  rs 
.................... //     B2  rw 
.................... //     B4  D4 
.................... //     B5  D5 
.................... //     B6  D6 
.................... //     B7  D7 
.................... // 
.................... //   LCD pins D0-D3 are not used and PIC B3 is not used. 
....................  
.................... struct lcd_pin_map {                 // This structure is overlayed 
....................            BOOLEAN enable;           // on to an I/O port to gain 
....................            BOOLEAN rs;               // access to the LCD pins. 
....................            BOOLEAN rw;               // The bits are allocated from 
....................            BOOLEAN unused;           // low order up.  ENABLE will 
....................            int     data : 4;         // be pin B0. 
....................         } lcd; 
....................  
.................... #locate lcd = getenv("SFR:PORTB")                        // This puts the entire structure 
....................                                      // on to port B  
....................  
.................... #define lcd_type 2           // 0=5x7, 1=5x10, 2=2 lines 
....................  
....................  
.................... BYTE const LCD_INIT_STRING[4] = {0x20 | (lcd_type << 2), 0xc, 1, 6}; 
....................                              // These bytes need to be sent to the LCD 
....................                              // to start it up. 
....................  
....................  
....................                              // The following are used for setting 
....................                              // the I/O port direction register. 
....................  
.................... struct lcd_pin_map const LCD_WRITE = {0,0,0,0,0}; // For write mode all pins are out 
.................... struct lcd_pin_map const LCD_READ = {0,0,0,0,15}; // For read mode data pins are in 
....................  
....................  
.................... BYTE lcdline; 
....................  
.................... BYTE lcd_read_byte() { 
....................       BYTE low,high; 
....................  
....................       set_tris_b(LCD_READ); 
*
00AC:  MOVLW  F0
00AD:  BSF    03.5
00AE:  MOVWF  06
....................       lcd.rw = 1; 
00AF:  BCF    03.5
00B0:  BSF    06.2
....................       delay_cycles(1); 
00B1:  NOP
....................       lcd.enable = 1; 
00B2:  BSF    06.0
....................       delay_cycles(1); 
00B3:  NOP
....................       high = lcd.data; 
00B4:  MOVF   06,W
00B5:  SWAPF  06,W
00B6:  ANDLW  0F
00B7:  BSF    03.5
00B8:  MOVWF  46
....................       lcd.enable = 0; 
00B9:  BCF    03.5
00BA:  BCF    06.0
....................       delay_cycles(1); 
00BB:  NOP
....................       lcd.enable = 1; 
00BC:  BSF    06.0
....................       delay_us(1); 
00BD:  NOP
....................       low = lcd.data; 
00BE:  MOVF   06,W
00BF:  SWAPF  06,W
00C0:  ANDLW  0F
00C1:  BSF    03.5
00C2:  MOVWF  45
....................       lcd.enable = 0; 
00C3:  BCF    03.5
00C4:  BCF    06.0
....................       set_tris_b(LCD_WRITE); 
00C5:  MOVLW  00
00C6:  BSF    03.5
00C7:  MOVWF  06
....................       return( (high<<4) | low); 
00C8:  SWAPF  46,W
00C9:  MOVWF  77
00CA:  MOVLW  F0
00CB:  ANDWF  77,F
00CC:  MOVF   77,W
00CD:  IORWF  45,W
00CE:  MOVWF  78
.................... } 
....................  
....................  
.................... void lcd_send_nibble( BYTE n ) { 
....................       lcd.data = n; 
*
009D:  BSF    03.5
009E:  SWAPF  46,W
009F:  ANDLW  F0
00A0:  MOVWF  77
00A1:  MOVLW  0F
00A2:  BCF    03.5
00A3:  ANDWF  06,W
00A4:  IORWF  77,W
00A5:  MOVWF  06
....................       delay_cycles(1); 
00A6:  NOP
....................       lcd.enable = 1; 
00A7:  BSF    06.0
....................       delay_us(2); 
00A8:  GOTO   0A9
....................       lcd.enable = 0; 
00A9:  BCF    06.0
00AA:  RETURN
.................... } 
....................  
....................  
.................... void lcd_send_byte( BYTE address, BYTE n ) { 
....................  
....................       lcd.rs = 0; 
00AB:  BCF    06.1
....................       while ( bit_test(lcd_read_byte(),7) ) ; 
*
00CF:  MOVF   78,W
00D0:  MOVWF  45
00D1:  BTFSS  45.7
00D2:  GOTO   0D5
00D3:  BCF    03.5
00D4:  GOTO   0AC
....................       lcd.rs = address; 
00D5:  BTFSC  43.0
00D6:  GOTO   0DA
00D7:  BCF    03.5
00D8:  BCF    06.1
00D9:  BSF    03.5
00DA:  BTFSS  43.0
00DB:  GOTO   0DF
00DC:  BCF    03.5
00DD:  BSF    06.1
00DE:  BSF    03.5
....................       delay_cycles(1); 
00DF:  NOP
....................       lcd.rw = 0; 
00E0:  BCF    03.5
00E1:  BCF    06.2
....................       delay_cycles(1); 
00E2:  NOP
....................       lcd.enable = 0; 
00E3:  BCF    06.0
....................       lcd_send_nibble(n >> 4); 
00E4:  BSF    03.5
00E5:  SWAPF  44,W
00E6:  MOVWF  45
00E7:  MOVLW  0F
00E8:  ANDWF  45,F
00E9:  MOVF   45,W
00EA:  MOVWF  46
00EB:  BCF    03.5
00EC:  CALL   09D
....................       lcd_send_nibble(n & 0xf); 
00ED:  BSF    03.5
00EE:  MOVF   44,W
00EF:  ANDLW  0F
00F0:  MOVWF  45
00F1:  MOVWF  46
00F2:  BCF    03.5
00F3:  CALL   09D
00F4:  RETURN
.................... } 
....................  
....................  
.................... void lcd_init() { 
....................     BYTE i; 
....................  
....................     set_tris_b(LCD_WRITE); 
00F5:  MOVLW  00
00F6:  BSF    03.5
00F7:  MOVWF  06
....................     lcd.rs = 0; 
00F8:  BCF    03.5
00F9:  BCF    06.1
....................     lcd.rw = 0; 
00FA:  BCF    06.2
....................     lcd.enable = 0; 
00FB:  BCF    06.0
....................     delay_ms(15); 
00FC:  MOVLW  0F
00FD:  BSF    03.5
00FE:  MOVWF  40
00FF:  BCF    03.5
0100:  CALL   088
....................     for(i=1;i<=3;++i) { 
0101:  MOVLW  01
0102:  BSF    03.5
0103:  MOVWF  2E
0104:  MOVF   2E,W
0105:  SUBLW  03
0106:  BTFSS  03.0
0107:  GOTO   114
....................        lcd_send_nibble(3); 
0108:  MOVLW  03
0109:  MOVWF  46
010A:  BCF    03.5
010B:  CALL   09D
....................        delay_ms(5); 
010C:  MOVLW  05
010D:  BSF    03.5
010E:  MOVWF  40
010F:  BCF    03.5
0110:  CALL   088
0111:  BSF    03.5
0112:  INCF   2E,F
0113:  GOTO   104
....................     } 
....................     lcd_send_nibble(2); 
0114:  MOVLW  02
0115:  MOVWF  46
0116:  BCF    03.5
0117:  CALL   09D
....................     for(i=0;i<=3;++i) 
0118:  BSF    03.5
0119:  CLRF   2E
011A:  MOVF   2E,W
011B:  SUBLW  03
011C:  BTFSS  03.0
011D:  GOTO   12B
....................        lcd_send_byte(0, LCD_INIT_STRING[i]); 
011E:  MOVF   2E,W
011F:  BCF    03.5
0120:  CALL   04F
0121:  BSF    03.5
0122:  MOVWF  2F
0123:  CLRF   43
0124:  MOVF   2F,W
0125:  MOVWF  44
0126:  BCF    03.5
0127:  CALL   0AB
0128:  BSF    03.5
0129:  INCF   2E,F
012A:  GOTO   11A
012B:  BCF    03.5
012C:  BSF    0A.3
012D:  BCF    0A.4
012E:  GOTO   199 (RETURN)
.................... } 
....................  
....................  
.................... void lcd_gotoxy( BYTE x, BYTE y) { 
....................    BYTE address; 
....................  
....................    switch(y) { 
012F:  MOVLW  01
0130:  BSF    03.5
0131:  SUBWF  41,W
0132:  ADDLW  FC
0133:  BTFSC  03.0
0134:  GOTO   149
0135:  ADDLW  04
0136:  BCF    03.5
0137:  GOTO   152
....................      case 1 : address=0x80;break; 
0138:  MOVLW  80
0139:  BSF    03.5
013A:  MOVWF  42
013B:  GOTO   149
....................      case 2 : address=0xc0;break; 
013C:  MOVLW  C0
013D:  BSF    03.5
013E:  MOVWF  42
013F:  GOTO   149
....................      case 3 : address=0x94;break; 
0140:  MOVLW  94
0141:  BSF    03.5
0142:  MOVWF  42
0143:  GOTO   149
....................      case 4 : address=0xd4;break; 
0144:  MOVLW  D4
0145:  BSF    03.5
0146:  MOVWF  42
0147:  GOTO   149
0148:  BSF    03.5
....................    } 
....................    address+=x-1; 
0149:  MOVLW  01
014A:  SUBWF  40,W
014B:  ADDWF  42,F
....................    lcd_send_byte(0,address); 
014C:  CLRF   43
014D:  MOVF   42,W
014E:  MOVWF  44
014F:  BCF    03.5
0150:  CALL   0AB
0151:  RETURN
.................... } 
....................  
.................... void lcd_putc( char c) { 
....................    switch (c) { 
*
015A:  BSF    03.5
015B:  MOVF   3F,W
015C:  XORLW  0C
015D:  BCF    03.5
015E:  BTFSC  03.2
015F:  GOTO   167
0160:  XORLW  06
0161:  BTFSC  03.2
0162:  GOTO   175
0163:  XORLW  02
0164:  BTFSC  03.2
0165:  GOTO   180
0166:  GOTO   187
....................      case '\f'   : lcd_send_byte(0,1); 
0167:  BSF    03.5
0168:  CLRF   43
0169:  MOVLW  01
016A:  MOVWF  44
016B:  BCF    03.5
016C:  CALL   0AB
....................                    lcdline=1; 
016D:  MOVLW  01
016E:  MOVWF  2B
....................                    delay_ms(2); 
016F:  MOVLW  02
0170:  BSF    03.5
0171:  MOVWF  40
0172:  BCF    03.5
0173:  CALL   088
....................                                            break; 
0174:  GOTO   18E
....................      case '\n'   : lcd_gotoxy(1,++lcdline);        break; 
0175:  INCF   2B,F
0176:  MOVLW  01
0177:  BSF    03.5
0178:  MOVWF  40
0179:  BCF    03.5
017A:  MOVF   2B,W
017B:  BSF    03.5
017C:  MOVWF  41
017D:  BCF    03.5
017E:  CALL   12F
017F:  GOTO   18E
....................      case '\b'   : lcd_send_byte(0,0x10);  break; 
0180:  BSF    03.5
0181:  CLRF   43
0182:  MOVLW  10
0183:  MOVWF  44
0184:  BCF    03.5
0185:  CALL   0AB
0186:  GOTO   18E
....................      default     : lcd_send_byte(1,c);     break; 
0187:  MOVLW  01
0188:  BSF    03.5
0189:  MOVWF  43
018A:  MOVF   3F,W
018B:  MOVWF  44
018C:  BCF    03.5
018D:  CALL   0AB
....................    } 
018E:  RETURN
.................... } 
....................  
.................... char lcd_getc( BYTE x, BYTE y) { 
....................    char value; 
....................  
....................     lcd_gotoxy(x,y); 
....................     lcd.rs=1; 
....................     value = lcd_read_byte(); 
....................     lcd.rs=0; 
....................     return(value); 
.................... } 
....................  
....................  
.................... //Configura direccion de memoria de los puertos A,B,C,D 
.................... #BYTE PORTA= 5 
.................... #BYTE PORTB= 6 
.................... #BYTE PORTC= 7 
.................... #BYTE PORTD= 8 
.................... int veces=39,seg=0; 
.................... int16 adc,control=0; 
.................... float yM=0,R=1500.0,e=0.0,e_1=0.0,e_2=0.0,u=0.0,u_1=0.0; 
.................... float kp,ti,td,q0,q1,q2,T=0.1; 
.................... float k=0.535,tao=10.0,theta=1.0; 
.................... float TsMA,Wn,P1,P2; 
....................  
.................... //Con esta rutina de desbordamiento del timer 0 
.................... //Hago el conteo del tiempo de muestreo 
.................... #INT_RTCC //Rutina de interrupción por RTCC 
.................... RELOJ() 
.................... { 
....................  
....................    VECES--;          //Decremento variable veces 
*
0057:  DECF   2C,F
....................    SET_RTCC(246);    //Cargo el timer con 243 
0058:  MOVLW  F6
0059:  MOVWF  01
....................    IF(VECES==0)      //La variable veces se carga con 30 y el timer con 243 
005A:  MOVF   2C,F
005B:  BTFSS  03.2
005C:  GOTO   060
....................    {                 //para que entre a la interrupcion cada 100 milisegundos 
....................       VECES=39; 
005D:  MOVLW  27
005E:  MOVWF  2C
....................       seg++;         //y incremente el contador 'seg' 
005F:  INCF   2D,F
....................    } 
....................  
0060:  BCF    0B.2
0061:  BCF    0A.3
0062:  BCF    0A.4
0063:  GOTO   02B
.................... } 
....................  
.................... void PID(void) 
.................... { 
....................     seg=0; 
*
04F0:  CLRF   2D
....................     output_toggle(pin_d0); 
04F1:  BSF    03.5
04F2:  BCF    08.0
04F3:  MOVLW  01
04F4:  BCF    03.5
04F5:  XORWF  08,F
....................     //Comienzo la ley de control 
....................      
....................     e=R-yM; 
04F6:  BSF    03.1
04F7:  MOVF   39,W
04F8:  BSF    03.5
04F9:  MOVWF  39
04FA:  BCF    03.5
04FB:  MOVF   38,W
04FC:  BSF    03.5
04FD:  MOVWF  38
04FE:  BCF    03.5
04FF:  MOVF   37,W
0500:  BSF    03.5
0501:  MOVWF  37
0502:  BCF    03.5
0503:  MOVF   36,W
0504:  BSF    03.5
0505:  MOVWF  36
0506:  BCF    03.5
0507:  MOVF   35,W
0508:  BSF    03.5
0509:  MOVWF  3D
050A:  BCF    03.5
050B:  MOVF   34,W
050C:  BSF    03.5
050D:  MOVWF  3C
050E:  BCF    03.5
050F:  MOVF   33,W
0510:  BSF    03.5
0511:  MOVWF  3B
0512:  BCF    03.5
0513:  MOVF   32,W
0514:  BSF    03.5
0515:  MOVWF  3A
0516:  BCF    03.5
0517:  CALL   2D1
0518:  MOVF   7A,W
0519:  MOVWF  3D
051A:  MOVF   79,W
051B:  MOVWF  3C
051C:  MOVF   78,W
051D:  MOVWF  3B
051E:  MOVF   77,W
051F:  MOVWF  3A
....................     // Controle PID 
....................       u = u_1 + q0*e + q1*e_1 + q2*e_2; //Ley del controlador PID discreto 
0520:  MOVF   5D,W
0521:  BSF    03.5
0522:  MOVWF  42
0523:  BCF    03.5
0524:  MOVF   5C,W
0525:  BSF    03.5
0526:  MOVWF  41
0527:  BCF    03.5
0528:  MOVF   5B,W
0529:  BSF    03.5
052A:  MOVWF  40
052B:  BCF    03.5
052C:  MOVF   5A,W
052D:  BSF    03.5
052E:  MOVWF  3F
052F:  BCF    03.5
0530:  MOVF   3D,W
0531:  BSF    03.5
0532:  MOVWF  46
0533:  BCF    03.5
0534:  MOVF   3C,W
0535:  BSF    03.5
0536:  MOVWF  45
0537:  BCF    03.5
0538:  MOVF   3B,W
0539:  BSF    03.5
053A:  MOVWF  44
053B:  BCF    03.5
053C:  MOVF   3A,W
053D:  BSF    03.5
053E:  MOVWF  43
053F:  BCF    03.5
0540:  CALL   417
0541:  BCF    03.1
0542:  MOVF   4D,W
0543:  BSF    03.5
0544:  MOVWF  39
0545:  BCF    03.5
0546:  MOVF   4C,W
0547:  BSF    03.5
0548:  MOVWF  38
0549:  BCF    03.5
054A:  MOVF   4B,W
054B:  BSF    03.5
054C:  MOVWF  37
054D:  BCF    03.5
054E:  MOVF   4A,W
054F:  BSF    03.5
0550:  MOVWF  36
0551:  MOVF   7A,W
0552:  MOVWF  3D
0553:  MOVF   79,W
0554:  MOVWF  3C
0555:  MOVF   78,W
0556:  MOVWF  3B
0557:  MOVF   77,W
0558:  MOVWF  3A
0559:  BCF    03.5
055A:  CALL   2D1
055B:  MOVF   7A,W
055C:  BSF    03.5
055D:  MOVWF  31
055E:  MOVF   79,W
055F:  MOVWF  30
0560:  MOVF   78,W
0561:  MOVWF  2F
0562:  MOVF   77,W
0563:  MOVWF  2E
0564:  BCF    03.5
0565:  MOVF   61,W
0566:  BSF    03.5
0567:  MOVWF  42
0568:  BCF    03.5
0569:  MOVF   60,W
056A:  BSF    03.5
056B:  MOVWF  41
056C:  BCF    03.5
056D:  MOVF   5F,W
056E:  BSF    03.5
056F:  MOVWF  40
0570:  BCF    03.5
0571:  MOVF   5E,W
0572:  BSF    03.5
0573:  MOVWF  3F
0574:  BCF    03.5
0575:  MOVF   41,W
0576:  BSF    03.5
0577:  MOVWF  46
0578:  BCF    03.5
0579:  MOVF   40,W
057A:  BSF    03.5
057B:  MOVWF  45
057C:  BCF    03.5
057D:  MOVF   3F,W
057E:  BSF    03.5
057F:  MOVWF  44
0580:  BCF    03.5
0581:  MOVF   3E,W
0582:  BSF    03.5
0583:  MOVWF  43
0584:  BCF    03.5
0585:  CALL   417
0586:  BCF    03.1
0587:  BSF    03.5
0588:  MOVF   31,W
0589:  MOVWF  39
058A:  MOVF   30,W
058B:  MOVWF  38
058C:  MOVF   2F,W
058D:  MOVWF  37
058E:  MOVF   2E,W
058F:  MOVWF  36
0590:  MOVF   7A,W
0591:  MOVWF  3D
0592:  MOVF   79,W
0593:  MOVWF  3C
0594:  MOVF   78,W
0595:  MOVWF  3B
0596:  MOVF   77,W
0597:  MOVWF  3A
0598:  BCF    03.5
0599:  CALL   2D1
059A:  MOVF   7A,W
059B:  BSF    03.5
059C:  MOVWF  31
059D:  MOVF   79,W
059E:  MOVWF  30
059F:  MOVF   78,W
05A0:  MOVWF  2F
05A1:  MOVF   77,W
05A2:  MOVWF  2E
05A3:  BCF    03.5
05A4:  MOVF   65,W
05A5:  BSF    03.5
05A6:  MOVWF  42
05A7:  BCF    03.5
05A8:  MOVF   64,W
05A9:  BSF    03.5
05AA:  MOVWF  41
05AB:  BCF    03.5
05AC:  MOVF   63,W
05AD:  BSF    03.5
05AE:  MOVWF  40
05AF:  BCF    03.5
05B0:  MOVF   62,W
05B1:  BSF    03.5
05B2:  MOVWF  3F
05B3:  BCF    03.5
05B4:  MOVF   45,W
05B5:  BSF    03.5
05B6:  MOVWF  46
05B7:  BCF    03.5
05B8:  MOVF   44,W
05B9:  BSF    03.5
05BA:  MOVWF  45
05BB:  BCF    03.5
05BC:  MOVF   43,W
05BD:  BSF    03.5
05BE:  MOVWF  44
05BF:  BCF    03.5
05C0:  MOVF   42,W
05C1:  BSF    03.5
05C2:  MOVWF  43
05C3:  BCF    03.5
05C4:  CALL   417
05C5:  BCF    03.1
05C6:  BSF    03.5
05C7:  MOVF   31,W
05C8:  MOVWF  39
05C9:  MOVF   30,W
05CA:  MOVWF  38
05CB:  MOVF   2F,W
05CC:  MOVWF  37
05CD:  MOVF   2E,W
05CE:  MOVWF  36
05CF:  MOVF   7A,W
05D0:  MOVWF  3D
05D1:  MOVF   79,W
05D2:  MOVWF  3C
05D3:  MOVF   78,W
05D4:  MOVWF  3B
05D5:  MOVF   77,W
05D6:  MOVWF  3A
05D7:  BCF    03.5
05D8:  CALL   2D1
05D9:  MOVF   7A,W
05DA:  MOVWF  49
05DB:  MOVF   79,W
05DC:  MOVWF  48
05DD:  MOVF   78,W
05DE:  MOVWF  47
05DF:  MOVF   77,W
05E0:  MOVWF  46
....................      
....................     if (u >= 5000.0)        //Saturo la accion de control 'uT' en un tope maximo y minimo 
05E1:  BSF    03.5
05E2:  CLRF   31
05E3:  MOVLW  40
05E4:  MOVWF  30
05E5:  MOVLW  1C
05E6:  MOVWF  2F
05E7:  MOVLW  8B
05E8:  MOVWF  2E
05E9:  BCF    03.5
05EA:  MOVF   49,W
05EB:  BSF    03.5
05EC:  MOVWF  35
05ED:  BCF    03.5
05EE:  MOVF   48,W
05EF:  BSF    03.5
05F0:  MOVWF  34
05F1:  BCF    03.5
05F2:  MOVF   47,W
05F3:  BSF    03.5
05F4:  MOVWF  33
05F5:  BCF    03.5
05F6:  MOVF   46,W
05F7:  BSF    03.5
05F8:  MOVWF  32
05F9:  BCF    03.5
05FA:  CALL   4AF
05FB:  BTFSC  03.0
05FC:  GOTO   5FF
05FD:  BTFSS  03.2
05FE:  GOTO   606
....................      u = 5000.0; 
05FF:  CLRF   49
0600:  MOVLW  40
0601:  MOVWF  48
0602:  MOVLW  1C
0603:  MOVWF  47
0604:  MOVLW  8B
0605:  MOVWF  46
....................      
....................     if (u <= 0.0) 
0606:  MOVF   49,W
0607:  BSF    03.5
0608:  MOVWF  31
0609:  BCF    03.5
060A:  MOVF   48,W
060B:  BSF    03.5
060C:  MOVWF  30
060D:  BCF    03.5
060E:  MOVF   47,W
060F:  BSF    03.5
0610:  MOVWF  2F
0611:  BCF    03.5
0612:  MOVF   46,W
0613:  BSF    03.5
0614:  MOVWF  2E
0615:  CLRF   35
0616:  CLRF   34
0617:  CLRF   33
0618:  CLRF   32
0619:  BCF    03.5
061A:  CALL   4AF
061B:  BTFSC  03.0
061C:  GOTO   61F
061D:  BTFSS  03.2
061E:  GOTO   623
....................      u = 0.0; 
061F:  CLRF   49
0620:  CLRF   48
0621:  CLRF   47
0622:  CLRF   46
....................       
....................      //escalizo la u de mV a bits, en el caso del PWM ser a 1Khz con una resolucion de 10 
....................      //el valor máximo del pwm es de 1000 
....................      control=u/5; 
0623:  MOVF   49,W
0624:  BSF    03.5
0625:  MOVWF  3D
0626:  BCF    03.5
0627:  MOVF   48,W
0628:  BSF    03.5
0629:  MOVWF  3C
062A:  BCF    03.5
062B:  MOVF   47,W
062C:  BSF    03.5
062D:  MOVWF  3B
062E:  BCF    03.5
062F:  MOVF   46,W
0630:  BSF    03.5
0631:  MOVWF  3A
0632:  CLRF   41
0633:  CLRF   40
0634:  MOVLW  20
0635:  MOVWF  3F
0636:  MOVLW  81
0637:  MOVWF  3E
0638:  BCF    03.5
0639:  CALL   205
063A:  MOVF   7A,W
063B:  BSF    03.5
063C:  MOVWF  31
063D:  MOVF   79,W
063E:  MOVWF  30
063F:  MOVF   78,W
0640:  MOVWF  2F
0641:  MOVF   77,W
0642:  MOVWF  2E
*
0661:  MOVF   79,W
0662:  BCF    03.5
0663:  MOVWF  31
0664:  MOVF   78,W
0665:  MOVWF  30
....................       
....................      //Retorno a los valores reales 
....................      e_2=e_1; 
0666:  MOVF   41,W
0667:  MOVWF  45
0668:  MOVF   40,W
0669:  MOVWF  44
066A:  MOVF   3F,W
066B:  MOVWF  43
066C:  MOVF   3E,W
066D:  MOVWF  42
....................      e_1=e; 
066E:  MOVF   3D,W
066F:  MOVWF  41
0670:  MOVF   3C,W
0671:  MOVWF  40
0672:  MOVF   3B,W
0673:  MOVWF  3F
0674:  MOVF   3A,W
0675:  MOVWF  3E
....................      u_1=u; 
0676:  MOVF   49,W
0677:  MOVWF  4D
0678:  MOVF   48,W
0679:  MOVWF  4C
067A:  MOVF   47,W
067B:  MOVWF  4B
067C:  MOVF   46,W
067D:  MOVWF  4A
....................       
....................      //La accion calculada la transformo en PWM 
....................      set_pwm1_duty(control); 
067E:  MOVF   31,W
067F:  MOVWF  79
0680:  MOVF   30,W
0681:  MOVWF  78
0682:  RRF    79,F
0683:  RRF    78,F
0684:  RRF    79,F
0685:  RRF    78,F
0686:  RRF    79,F
0687:  MOVF   78,W
0688:  MOVWF  15
0689:  RRF    79,F
068A:  RRF    79,W
068B:  ANDLW  30
068C:  MOVWF  77
068D:  MOVF   17,W
068E:  ANDLW  CF
068F:  IORWF  77,W
0690:  MOVWF  17
0691:  BSF    0A.3
0692:  BCF    0A.4
0693:  GOTO   4E2 (RETURN)
.................... } 
.................... void main() 
*
0902:  MOVF   03,W
0903:  ANDLW  1F
0904:  MOVWF  03
0905:  MOVLW  27
0906:  MOVWF  2C
0907:  CLRF   2D
0908:  CLRF   31
0909:  CLRF   30
090A:  CLRF   35
090B:  CLRF   34
090C:  CLRF   33
090D:  CLRF   32
090E:  CLRF   39
090F:  MOVLW  80
0910:  MOVWF  38
0911:  MOVLW  3B
0912:  MOVWF  37
0913:  MOVLW  89
0914:  MOVWF  36
0915:  CLRF   3D
0916:  CLRF   3C
0917:  CLRF   3B
0918:  CLRF   3A
0919:  CLRF   41
091A:  CLRF   40
091B:  CLRF   3F
091C:  CLRF   3E
091D:  CLRF   45
091E:  CLRF   44
091F:  CLRF   43
0920:  CLRF   42
0921:  CLRF   49
0922:  CLRF   48
0923:  CLRF   47
0924:  CLRF   46
0925:  CLRF   4D
0926:  CLRF   4C
0927:  CLRF   4B
0928:  CLRF   4A
0929:  MOVLW  CD
092A:  MOVWF  69
092B:  MOVLW  CC
092C:  MOVWF  68
092D:  MOVLW  4C
092E:  MOVWF  67
092F:  MOVLW  7B
0930:  MOVWF  66
0931:  MOVLW  C3
0932:  MOVWF  6D
0933:  MOVLW  F5
0934:  MOVWF  6C
0935:  MOVLW  08
0936:  MOVWF  6B
0937:  MOVLW  7E
0938:  MOVWF  6A
0939:  CLRF   71
093A:  CLRF   70
093B:  MOVLW  20
093C:  MOVWF  6F
093D:  MOVLW  82
093E:  MOVWF  6E
093F:  CLRF   75
0940:  CLRF   74
0941:  CLRF   73
0942:  MOVLW  7F
0943:  MOVWF  72
0944:  MOVLW  FF
0945:  MOVWF  76
0946:  BSF    03.5
0947:  CLRF   2D
0948:  CLRF   2C
0949:  BSF    03.6
094A:  MOVF   09,W
094B:  ANDLW  C0
094C:  MOVWF  09
094D:  BCF    03.6
094E:  BCF    1F.4
094F:  BCF    1F.5
0950:  MOVLW  00
0951:  BSF    03.6
0952:  MOVWF  08
0953:  BCF    03.5
0954:  CLRF   07
0955:  CLRF   08
0956:  CLRF   09
0957:  BCF    03.7
.................... { 
....................    set_tris_c(0); 
0958:  MOVLW  00
0959:  BSF    03.5
095A:  BCF    03.6
095B:  MOVWF  07
095C:  MOVWF  76
....................    set_tris_d(0); 
095D:  MOVWF  08
....................    setup_timer_2(t2_div_by_4,249,1);   //Configuracion de Timer 2 para establecer frec. PWM a 1kHz 
095E:  MOVWF  78
095F:  IORLW  05
0960:  BCF    03.5
0961:  MOVWF  12
0962:  MOVLW  F9
0963:  BSF    03.5
0964:  MOVWF  12
....................    setup_ccp1(ccp_pwm);                //Configurar modulo CCP1 en modo PWM 
0965:  BCF    76.2
0966:  MOVF   76,W
0967:  MOVWF  07
0968:  BCF    03.5
0969:  BCF    07.2
096A:  MOVLW  0C
096B:  MOVWF  17
096C:  BSF    03.5
096D:  CLRF   1B
096E:  CLRF   1C
096F:  MOVLW  01
0970:  MOVWF  1D
....................    set_pwm1_duty(0);                   //Dejo en cero la salida PWM 
0971:  BCF    03.5
0972:  CLRF   15
....................     
....................    setup_adc_ports(sAN0);              //Configurar ADC (Lectura de temperatura) 
0973:  BSF    03.5
0974:  BSF    03.6
0975:  MOVF   09,W
0976:  ANDLW  C0
0977:  MOVWF  09
0978:  BCF    03.6
0979:  BCF    1F.4
097A:  BCF    1F.5
097B:  MOVLW  01
097C:  BSF    03.6
097D:  MOVWF  08
....................    setup_adc(adc_clock_internal);      //Reloj interno para la conversion analoga digital) 
097E:  BCF    03.5
097F:  BCF    03.6
0980:  BSF    1F.6
0981:  BSF    1F.7
0982:  BSF    03.5
0983:  BSF    1F.7
0984:  BCF    03.5
0985:  BSF    1F.0
....................    set_adc_channel(0);                 //Seleccionar Canal 0 para sensor de Temperatura 
0986:  MOVLW  00
0987:  MOVWF  78
0988:  MOVF   1F,W
0989:  ANDLW  C3
098A:  IORWF  78,W
098B:  MOVWF  1F
....................     
....................    SET_RTCC(246);                               //Cargo el TIMER0 con 243 
098C:  MOVLW  F6
098D:  MOVWF  01
....................     
....................    // Configuración ANTIGUA del TIMER0 
....................    //SETUP_COUNTERS(RTCC_INTERNAL, RTCC_DIV_256); //Configura interrupcion del timer 
....................     
....................    // Configuración Recomendada del TIMER0 
....................    SETUP_TIMER_0(RTCC_INTERNAL|RTCC_DIV_256|RTCC_8_bit);     
098E:  BSF    03.5
098F:  MOVF   01,W
0990:  ANDLW  C0
0991:  IORLW  07
0992:  MOVWF  01
....................     
....................    ENABLE_INTERRUPTS(INT_RTCC);  //Habilito interrupcion por TIMER0 
0993:  BCF    03.5
0994:  BSF    0B.5
....................    enable_interrupts(GLOBAL);    //Habilito las interrupciones a nivel global 
0995:  MOVLW  C0
0996:  IORWF  0B,F
....................     
....................    LCD_INIT();                         //Inicializo el LCD 
0997:  BCF    0A.3
0998:  GOTO   0F5
0999:  BSF    0A.3
....................    LCD_PUTC("\f");                     //Limpio el LCD 
099A:  MOVLW  64
099B:  BSF    03.6
099C:  MOVWF  0D
099D:  MOVLW  00
099E:  MOVWF  0F
099F:  BCF    0A.3
09A0:  BCF    03.6
09A1:  GOTO   18F
09A2:  BSF    0A.3
....................     
....................    //*************************************************************************// 
....................    //*************  DISEÑO POR ASIGNACIÓN DE 2 POLOS REALES   ****************// 
....................    //*************************************************************************// 
....................     
....................    TsMA=30;                    //Tiempo deseado en Lazo Cerrado     
09A3:  CLRF   7E
09A4:  CLRF   7D
09A5:  MOVLW  70
09A6:  MOVWF  7C
09A7:  MOVLW  83
09A8:  MOVWF  7B
....................    Wn=5.8335/(TsMA);               //Frecuencia natural del sistema 
09A9:  MOVLW  08
09AA:  BSF    03.5
09AB:  MOVWF  3D
09AC:  MOVLW  AC
09AD:  MOVWF  3C
09AE:  MOVLW  3A
09AF:  MOVWF  3B
09B0:  MOVLW  81
09B1:  MOVWF  3A
09B2:  MOVF   7E,W
09B3:  MOVWF  41
09B4:  MOVF   7D,W
09B5:  MOVWF  40
09B6:  MOVF   7C,W
09B7:  MOVWF  3F
09B8:  MOVF   7B,W
09B9:  MOVWF  3E
09BA:  BCF    0A.3
09BB:  BCF    03.5
09BC:  CALL   205
09BD:  BSF    0A.3
09BE:  MOVF   7A,W
09BF:  BSF    03.5
09C0:  MOVWF  23
09C1:  MOVF   79,W
09C2:  MOVWF  22
09C3:  MOVF   78,W
09C4:  MOVWF  21
09C5:  MOVF   77,W
09C6:  MOVWF  20
....................     
....................    //Ubicación de 2 Polos reales 
....................    P1=Wn+Wn; 
09C7:  BCF    03.1
09C8:  MOVF   23,W
09C9:  MOVWF  39
09CA:  MOVF   22,W
09CB:  MOVWF  38
09CC:  MOVF   21,W
09CD:  MOVWF  37
09CE:  MOVF   20,W
09CF:  MOVWF  36
09D0:  MOVF   23,W
09D1:  MOVWF  3D
09D2:  MOVF   22,W
09D3:  MOVWF  3C
09D4:  MOVF   21,W
09D5:  MOVWF  3B
09D6:  MOVF   20,W
09D7:  MOVWF  3A
09D8:  BCF    0A.3
09D9:  BCF    03.5
09DA:  CALL   2D1
09DB:  BSF    0A.3
09DC:  MOVF   7A,W
09DD:  BSF    03.5
09DE:  MOVWF  27
09DF:  MOVF   79,W
09E0:  MOVWF  26
09E1:  MOVF   78,W
09E2:  MOVWF  25
09E3:  MOVF   77,W
09E4:  MOVWF  24
....................    P2=Wn*Wn; 
09E5:  MOVF   23,W
09E6:  MOVWF  42
09E7:  MOVF   22,W
09E8:  MOVWF  41
09E9:  MOVF   21,W
09EA:  MOVWF  40
09EB:  MOVF   20,W
09EC:  MOVWF  3F
09ED:  MOVF   23,W
09EE:  MOVWF  46
09EF:  MOVF   22,W
09F0:  MOVWF  45
09F1:  MOVF   21,W
09F2:  MOVWF  44
09F3:  MOVF   20,W
09F4:  MOVWF  43
09F5:  BCF    0A.3
09F6:  BCF    03.5
09F7:  CALL   417
09F8:  BSF    0A.3
09F9:  MOVF   7A,W
09FA:  BSF    03.5
09FB:  MOVWF  2B
09FC:  MOVF   79,W
09FD:  MOVWF  2A
09FE:  MOVF   78,W
09FF:  MOVWF  29
0A00:  MOVF   77,W
0A01:  MOVWF  28
....................     
....................    kp=(P1*tao-1)/k;        //Calculo de Kc 
0A02:  MOVF   27,W
0A03:  MOVWF  42
0A04:  MOVF   26,W
0A05:  MOVWF  41
0A06:  MOVF   25,W
0A07:  MOVWF  40
0A08:  MOVF   24,W
0A09:  MOVWF  3F
0A0A:  MOVF   71,W
0A0B:  MOVWF  46
0A0C:  MOVF   70,W
0A0D:  MOVWF  45
0A0E:  BCF    03.5
0A0F:  MOVF   6F,W
0A10:  BSF    03.5
0A11:  MOVWF  44
0A12:  BCF    03.5
0A13:  MOVF   6E,W
0A14:  BSF    03.5
0A15:  MOVWF  43
0A16:  BCF    0A.3
0A17:  BCF    03.5
0A18:  CALL   417
0A19:  BSF    0A.3
0A1A:  MOVF   7A,W
0A1B:  BSF    03.5
0A1C:  MOVWF  31
0A1D:  MOVF   79,W
0A1E:  MOVWF  30
0A1F:  MOVF   78,W
0A20:  MOVWF  2F
0A21:  MOVF   77,W
0A22:  MOVWF  2E
0A23:  BSF    03.1
0A24:  MOVF   31,W
0A25:  MOVWF  39
0A26:  MOVF   30,W
0A27:  MOVWF  38
0A28:  MOVF   2F,W
0A29:  MOVWF  37
0A2A:  MOVF   2E,W
0A2B:  MOVWF  36
0A2C:  CLRF   3D
0A2D:  CLRF   3C
0A2E:  CLRF   3B
0A2F:  MOVLW  7F
0A30:  MOVWF  3A
0A31:  BCF    0A.3
0A32:  BCF    03.5
0A33:  CALL   2D1
0A34:  BSF    0A.3
0A35:  MOVF   7A,W
0A36:  BSF    03.5
0A37:  MOVWF  31
0A38:  MOVF   79,W
0A39:  MOVWF  30
0A3A:  MOVF   78,W
0A3B:  MOVWF  2F
0A3C:  MOVF   77,W
0A3D:  MOVWF  2E
0A3E:  MOVF   31,W
0A3F:  MOVWF  3D
0A40:  MOVF   30,W
0A41:  MOVWF  3C
0A42:  MOVF   2F,W
0A43:  MOVWF  3B
0A44:  MOVF   2E,W
0A45:  MOVWF  3A
0A46:  BCF    03.5
0A47:  MOVF   6D,W
0A48:  BSF    03.5
0A49:  MOVWF  41
0A4A:  BCF    03.5
0A4B:  MOVF   6C,W
0A4C:  BSF    03.5
0A4D:  MOVWF  40
0A4E:  BCF    03.5
0A4F:  MOVF   6B,W
0A50:  BSF    03.5
0A51:  MOVWF  3F
0A52:  BCF    03.5
0A53:  MOVF   6A,W
0A54:  BSF    03.5
0A55:  MOVWF  3E
0A56:  BCF    0A.3
0A57:  BCF    03.5
0A58:  CALL   205
0A59:  BSF    0A.3
0A5A:  MOVF   7A,W
0A5B:  MOVWF  51
0A5C:  MOVF   79,W
0A5D:  MOVWF  50
0A5E:  MOVF   78,W
0A5F:  MOVWF  4F
0A60:  MOVF   77,W
0A61:  MOVWF  4E
....................    ti=(k*kp)/(P2*tao);     //Calculo de ti 
0A62:  MOVF   6D,W
0A63:  BSF    03.5
0A64:  MOVWF  42
0A65:  BCF    03.5
0A66:  MOVF   6C,W
0A67:  BSF    03.5
0A68:  MOVWF  41
0A69:  BCF    03.5
0A6A:  MOVF   6B,W
0A6B:  BSF    03.5
0A6C:  MOVWF  40
0A6D:  BCF    03.5
0A6E:  MOVF   6A,W
0A6F:  BSF    03.5
0A70:  MOVWF  3F
0A71:  BCF    03.5
0A72:  MOVF   51,W
0A73:  BSF    03.5
0A74:  MOVWF  46
0A75:  BCF    03.5
0A76:  MOVF   50,W
0A77:  BSF    03.5
0A78:  MOVWF  45
0A79:  BCF    03.5
0A7A:  MOVF   4F,W
0A7B:  BSF    03.5
0A7C:  MOVWF  44
0A7D:  BCF    03.5
0A7E:  MOVF   4E,W
0A7F:  BSF    03.5
0A80:  MOVWF  43
0A81:  BCF    0A.3
0A82:  BCF    03.5
0A83:  CALL   417
0A84:  BSF    0A.3
0A85:  MOVF   7A,W
0A86:  BSF    03.5
0A87:  MOVWF  31
0A88:  MOVF   79,W
0A89:  MOVWF  30
0A8A:  MOVF   78,W
0A8B:  MOVWF  2F
0A8C:  MOVF   77,W
0A8D:  MOVWF  2E
0A8E:  MOVF   2B,W
0A8F:  MOVWF  42
0A90:  MOVF   2A,W
0A91:  MOVWF  41
0A92:  MOVF   29,W
0A93:  MOVWF  40
0A94:  MOVF   28,W
0A95:  MOVWF  3F
0A96:  MOVF   71,W
0A97:  MOVWF  46
0A98:  MOVF   70,W
0A99:  MOVWF  45
0A9A:  BCF    03.5
0A9B:  MOVF   6F,W
0A9C:  BSF    03.5
0A9D:  MOVWF  44
0A9E:  BCF    03.5
0A9F:  MOVF   6E,W
0AA0:  BSF    03.5
0AA1:  MOVWF  43
0AA2:  BCF    0A.3
0AA3:  BCF    03.5
0AA4:  CALL   417
0AA5:  BSF    0A.3
0AA6:  BSF    03.5
0AA7:  MOVF   31,W
0AA8:  MOVWF  3D
0AA9:  MOVF   30,W
0AAA:  MOVWF  3C
0AAB:  MOVF   2F,W
0AAC:  MOVWF  3B
0AAD:  MOVF   2E,W
0AAE:  MOVWF  3A
0AAF:  MOVF   7A,W
0AB0:  MOVWF  41
0AB1:  MOVF   79,W
0AB2:  MOVWF  40
0AB3:  MOVF   78,W
0AB4:  MOVWF  3F
0AB5:  MOVF   77,W
0AB6:  MOVWF  3E
0AB7:  BCF    0A.3
0AB8:  BCF    03.5
0AB9:  CALL   205
0ABA:  BSF    0A.3
0ABB:  MOVF   7A,W
0ABC:  MOVWF  55
0ABD:  MOVF   79,W
0ABE:  MOVWF  54
0ABF:  MOVF   78,W
0AC0:  MOVWF  53
0AC1:  MOVF   77,W
0AC2:  MOVWF  52
....................     
....................    //*************************************************************************// 
....................    //*****************   DISEÑO POR CANCELACIÓN DE POLOS    *******************// 
....................    //*************************************************************************// 
....................    /* 
....................    TsMA=7.5;                  //Tiempo deseado en Lazo Cerrado  
....................    kp=(tao)/(TsMA*k);         //Calculo de Kc 
....................    ti=tao;                    //Calculo de Ti (Igual a la constante de tiempo) 
....................    td=0; 
....................    */ 
....................    //*************************************************************************// 
....................    //*****************   SINTONIA POR ZIEGLER y NICHOLS    *******************// 
....................    //*************************************************************************// 
....................    /* 
....................    kp=(1.2*tao)/(k*theta); 
....................    ti=2*theta; 
....................    td=0.5*theta;*/ 
....................     
....................    //*************************************************************************// 
....................     
....................   // Calculo do controle PID digital 
....................    q0=kp*(1+T/(2*ti)+td/T); 
0AC3:  BSF    03.5
0AC4:  CLRF   42
0AC5:  CLRF   41
0AC6:  CLRF   40
0AC7:  MOVLW  80
0AC8:  MOVWF  3F
0AC9:  BCF    03.5
0ACA:  MOVF   55,W
0ACB:  BSF    03.5
0ACC:  MOVWF  46
0ACD:  BCF    03.5
0ACE:  MOVF   54,W
0ACF:  BSF    03.5
0AD0:  MOVWF  45
0AD1:  BCF    03.5
0AD2:  MOVF   53,W
0AD3:  BSF    03.5
0AD4:  MOVWF  44
0AD5:  BCF    03.5
0AD6:  MOVF   52,W
0AD7:  BSF    03.5
0AD8:  MOVWF  43
0AD9:  BCF    0A.3
0ADA:  BCF    03.5
0ADB:  CALL   417
0ADC:  BSF    0A.3
0ADD:  MOVF   69,W
0ADE:  BSF    03.5
0ADF:  MOVWF  3D
0AE0:  BCF    03.5
0AE1:  MOVF   68,W
0AE2:  BSF    03.5
0AE3:  MOVWF  3C
0AE4:  BCF    03.5
0AE5:  MOVF   67,W
0AE6:  BSF    03.5
0AE7:  MOVWF  3B
0AE8:  BCF    03.5
0AE9:  MOVF   66,W
0AEA:  BSF    03.5
0AEB:  MOVWF  3A
0AEC:  MOVF   7A,W
0AED:  MOVWF  41
0AEE:  MOVF   79,W
0AEF:  MOVWF  40
0AF0:  MOVF   78,W
0AF1:  MOVWF  3F
0AF2:  MOVF   77,W
0AF3:  MOVWF  3E
0AF4:  BCF    0A.3
0AF5:  BCF    03.5
0AF6:  CALL   205
0AF7:  BSF    0A.3
0AF8:  BCF    03.1
0AF9:  BSF    03.5
0AFA:  CLRF   39
0AFB:  CLRF   38
0AFC:  CLRF   37
0AFD:  MOVLW  7F
0AFE:  MOVWF  36
0AFF:  MOVF   7A,W
0B00:  MOVWF  3D
0B01:  MOVF   79,W
0B02:  MOVWF  3C
0B03:  MOVF   78,W
0B04:  MOVWF  3B
0B05:  MOVF   77,W
0B06:  MOVWF  3A
0B07:  BCF    0A.3
0B08:  BCF    03.5
0B09:  CALL   2D1
0B0A:  BSF    0A.3
0B0B:  MOVF   7A,W
0B0C:  BSF    03.5
0B0D:  MOVWF  31
0B0E:  MOVF   79,W
0B0F:  MOVWF  30
0B10:  MOVF   78,W
0B11:  MOVWF  2F
0B12:  MOVF   77,W
0B13:  MOVWF  2E
0B14:  BCF    03.5
0B15:  MOVF   59,W
0B16:  BSF    03.5
0B17:  MOVWF  3D
0B18:  BCF    03.5
0B19:  MOVF   58,W
0B1A:  BSF    03.5
0B1B:  MOVWF  3C
0B1C:  BCF    03.5
0B1D:  MOVF   57,W
0B1E:  BSF    03.5
0B1F:  MOVWF  3B
0B20:  BCF    03.5
0B21:  MOVF   56,W
0B22:  BSF    03.5
0B23:  MOVWF  3A
0B24:  BCF    03.5
0B25:  MOVF   69,W
0B26:  BSF    03.5
0B27:  MOVWF  41
0B28:  BCF    03.5
0B29:  MOVF   68,W
0B2A:  BSF    03.5
0B2B:  MOVWF  40
0B2C:  BCF    03.5
0B2D:  MOVF   67,W
0B2E:  BSF    03.5
0B2F:  MOVWF  3F
0B30:  BCF    03.5
0B31:  MOVF   66,W
0B32:  BSF    03.5
0B33:  MOVWF  3E
0B34:  BCF    0A.3
0B35:  BCF    03.5
0B36:  CALL   205
0B37:  BSF    0A.3
0B38:  BCF    03.1
0B39:  BSF    03.5
0B3A:  MOVF   31,W
0B3B:  MOVWF  39
0B3C:  MOVF   30,W
0B3D:  MOVWF  38
0B3E:  MOVF   2F,W
0B3F:  MOVWF  37
0B40:  MOVF   2E,W
0B41:  MOVWF  36
0B42:  MOVF   7A,W
0B43:  MOVWF  3D
0B44:  MOVF   79,W
0B45:  MOVWF  3C
0B46:  MOVF   78,W
0B47:  MOVWF  3B
0B48:  MOVF   77,W
0B49:  MOVWF  3A
0B4A:  BCF    0A.3
0B4B:  BCF    03.5
0B4C:  CALL   2D1
0B4D:  BSF    0A.3
0B4E:  MOVF   51,W
0B4F:  BSF    03.5
0B50:  MOVWF  42
0B51:  BCF    03.5
0B52:  MOVF   50,W
0B53:  BSF    03.5
0B54:  MOVWF  41
0B55:  BCF    03.5
0B56:  MOVF   4F,W
0B57:  BSF    03.5
0B58:  MOVWF  40
0B59:  BCF    03.5
0B5A:  MOVF   4E,W
0B5B:  BSF    03.5
0B5C:  MOVWF  3F
0B5D:  MOVF   7A,W
0B5E:  MOVWF  46
0B5F:  MOVF   79,W
0B60:  MOVWF  45
0B61:  MOVF   78,W
0B62:  MOVWF  44
0B63:  MOVF   77,W
0B64:  MOVWF  43
0B65:  BCF    0A.3
0B66:  BCF    03.5
0B67:  CALL   417
0B68:  BSF    0A.3
0B69:  MOVF   7A,W
0B6A:  MOVWF  5D
0B6B:  MOVF   79,W
0B6C:  MOVWF  5C
0B6D:  MOVF   78,W
0B6E:  MOVWF  5B
0B6F:  MOVF   77,W
0B70:  MOVWF  5A
....................    q1=-kp*(1-T/(2*ti)+(2*td)/T); 
0B71:  MOVF   4E,W
0B72:  BSF    03.5
0B73:  MOVWF  2E
0B74:  BCF    03.5
0B75:  MOVF   4F,W
0B76:  XORLW  80
0B77:  BSF    03.5
0B78:  MOVWF  2F
0B79:  BCF    03.5
0B7A:  MOVF   50,W
0B7B:  BSF    03.5
0B7C:  MOVWF  30
0B7D:  BCF    03.5
0B7E:  MOVF   51,W
0B7F:  BSF    03.5
0B80:  MOVWF  31
0B81:  CLRF   42
0B82:  CLRF   41
0B83:  CLRF   40
0B84:  MOVLW  80
0B85:  MOVWF  3F
0B86:  BCF    03.5
0B87:  MOVF   55,W
0B88:  BSF    03.5
0B89:  MOVWF  46
0B8A:  BCF    03.5
0B8B:  MOVF   54,W
0B8C:  BSF    03.5
0B8D:  MOVWF  45
0B8E:  BCF    03.5
0B8F:  MOVF   53,W
0B90:  BSF    03.5
0B91:  MOVWF  44
0B92:  BCF    03.5
0B93:  MOVF   52,W
0B94:  BSF    03.5
0B95:  MOVWF  43
0B96:  BCF    0A.3
0B97:  BCF    03.5
0B98:  CALL   417
0B99:  BSF    0A.3
0B9A:  MOVF   69,W
0B9B:  BSF    03.5
0B9C:  MOVWF  3D
0B9D:  BCF    03.5
0B9E:  MOVF   68,W
0B9F:  BSF    03.5
0BA0:  MOVWF  3C
0BA1:  BCF    03.5
0BA2:  MOVF   67,W
0BA3:  BSF    03.5
0BA4:  MOVWF  3B
0BA5:  BCF    03.5
0BA6:  MOVF   66,W
0BA7:  BSF    03.5
0BA8:  MOVWF  3A
0BA9:  MOVF   7A,W
0BAA:  MOVWF  41
0BAB:  MOVF   79,W
0BAC:  MOVWF  40
0BAD:  MOVF   78,W
0BAE:  MOVWF  3F
0BAF:  MOVF   77,W
0BB0:  MOVWF  3E
0BB1:  BCF    0A.3
0BB2:  BCF    03.5
0BB3:  CALL   205
0BB4:  BSF    0A.3
0BB5:  BSF    03.1
0BB6:  BSF    03.5
0BB7:  CLRF   39
0BB8:  CLRF   38
0BB9:  CLRF   37
0BBA:  MOVLW  7F
0BBB:  MOVWF  36
0BBC:  MOVF   7A,W
0BBD:  MOVWF  3D
0BBE:  MOVF   79,W
0BBF:  MOVWF  3C
0BC0:  MOVF   78,W
0BC1:  MOVWF  3B
0BC2:  MOVF   77,W
0BC3:  MOVWF  3A
0BC4:  BCF    0A.3
0BC5:  BCF    03.5
0BC6:  CALL   2D1
0BC7:  BSF    0A.3
0BC8:  MOVF   7A,W
0BC9:  BSF    03.5
0BCA:  MOVWF  35
0BCB:  MOVF   79,W
0BCC:  MOVWF  34
0BCD:  MOVF   78,W
0BCE:  MOVWF  33
0BCF:  MOVF   77,W
0BD0:  MOVWF  32
0BD1:  CLRF   42
0BD2:  CLRF   41
0BD3:  CLRF   40
0BD4:  MOVLW  80
0BD5:  MOVWF  3F
0BD6:  BCF    03.5
0BD7:  MOVF   59,W
0BD8:  BSF    03.5
0BD9:  MOVWF  46
0BDA:  BCF    03.5
0BDB:  MOVF   58,W
0BDC:  BSF    03.5
0BDD:  MOVWF  45
0BDE:  BCF    03.5
0BDF:  MOVF   57,W
0BE0:  BSF    03.5
0BE1:  MOVWF  44
0BE2:  BCF    03.5
0BE3:  MOVF   56,W
0BE4:  BSF    03.5
0BE5:  MOVWF  43
0BE6:  BCF    0A.3
0BE7:  BCF    03.5
0BE8:  CALL   417
0BE9:  BSF    0A.3
0BEA:  MOVF   7A,W
0BEB:  BSF    03.5
0BEC:  MOVWF  39
0BED:  MOVF   79,W
0BEE:  MOVWF  38
0BEF:  MOVF   78,W
0BF0:  MOVWF  37
0BF1:  MOVF   77,W
0BF2:  MOVWF  36
0BF3:  MOVF   39,W
0BF4:  MOVWF  3D
0BF5:  MOVF   38,W
0BF6:  MOVWF  3C
0BF7:  MOVF   37,W
0BF8:  MOVWF  3B
0BF9:  MOVF   36,W
0BFA:  MOVWF  3A
0BFB:  BCF    03.5
0BFC:  MOVF   69,W
0BFD:  BSF    03.5
0BFE:  MOVWF  41
0BFF:  BCF    03.5
0C00:  MOVF   68,W
0C01:  BSF    03.5
0C02:  MOVWF  40
0C03:  BCF    03.5
0C04:  MOVF   67,W
0C05:  BSF    03.5
0C06:  MOVWF  3F
0C07:  BCF    03.5
0C08:  MOVF   66,W
0C09:  BSF    03.5
0C0A:  MOVWF  3E
0C0B:  BCF    0A.3
0C0C:  BCF    03.5
0C0D:  CALL   205
0C0E:  BSF    0A.3
0C0F:  BCF    03.1
0C10:  BSF    03.5
0C11:  MOVF   35,W
0C12:  MOVWF  39
0C13:  MOVF   34,W
0C14:  MOVWF  38
0C15:  MOVF   33,W
0C16:  MOVWF  37
0C17:  MOVF   32,W
0C18:  MOVWF  36
0C19:  MOVF   7A,W
0C1A:  MOVWF  3D
0C1B:  MOVF   79,W
0C1C:  MOVWF  3C
0C1D:  MOVF   78,W
0C1E:  MOVWF  3B
0C1F:  MOVF   77,W
0C20:  MOVWF  3A
0C21:  BCF    0A.3
0C22:  BCF    03.5
0C23:  CALL   2D1
0C24:  BSF    0A.3
0C25:  BSF    03.5
0C26:  MOVF   31,W
0C27:  MOVWF  42
0C28:  MOVF   30,W
0C29:  MOVWF  41
0C2A:  MOVF   2F,W
0C2B:  MOVWF  40
0C2C:  MOVF   2E,W
0C2D:  MOVWF  3F
0C2E:  MOVF   7A,W
0C2F:  MOVWF  46
0C30:  MOVF   79,W
0C31:  MOVWF  45
0C32:  MOVF   78,W
0C33:  MOVWF  44
0C34:  MOVF   77,W
0C35:  MOVWF  43
0C36:  BCF    0A.3
0C37:  BCF    03.5
0C38:  CALL   417
0C39:  BSF    0A.3
0C3A:  MOVF   7A,W
0C3B:  MOVWF  61
0C3C:  MOVF   79,W
0C3D:  MOVWF  60
0C3E:  MOVF   78,W
0C3F:  MOVWF  5F
0C40:  MOVF   77,W
0C41:  MOVWF  5E
....................    q2=(kp*td)/T; 
0C42:  MOVF   51,W
0C43:  BSF    03.5
0C44:  MOVWF  42
0C45:  BCF    03.5
0C46:  MOVF   50,W
0C47:  BSF    03.5
0C48:  MOVWF  41
0C49:  BCF    03.5
0C4A:  MOVF   4F,W
0C4B:  BSF    03.5
0C4C:  MOVWF  40
0C4D:  BCF    03.5
0C4E:  MOVF   4E,W
0C4F:  BSF    03.5
0C50:  MOVWF  3F
0C51:  BCF    03.5
0C52:  MOVF   59,W
0C53:  BSF    03.5
0C54:  MOVWF  46
0C55:  BCF    03.5
0C56:  MOVF   58,W
0C57:  BSF    03.5
0C58:  MOVWF  45
0C59:  BCF    03.5
0C5A:  MOVF   57,W
0C5B:  BSF    03.5
0C5C:  MOVWF  44
0C5D:  BCF    03.5
0C5E:  MOVF   56,W
0C5F:  BSF    03.5
0C60:  MOVWF  43
0C61:  BCF    0A.3
0C62:  BCF    03.5
0C63:  CALL   417
0C64:  BSF    0A.3
0C65:  MOVF   7A,W
0C66:  BSF    03.5
0C67:  MOVWF  31
0C68:  MOVF   79,W
0C69:  MOVWF  30
0C6A:  MOVF   78,W
0C6B:  MOVWF  2F
0C6C:  MOVF   77,W
0C6D:  MOVWF  2E
0C6E:  MOVF   31,W
0C6F:  MOVWF  3D
0C70:  MOVF   30,W
0C71:  MOVWF  3C
0C72:  MOVF   2F,W
0C73:  MOVWF  3B
0C74:  MOVF   2E,W
0C75:  MOVWF  3A
0C76:  BCF    03.5
0C77:  MOVF   69,W
0C78:  BSF    03.5
0C79:  MOVWF  41
0C7A:  BCF    03.5
0C7B:  MOVF   68,W
0C7C:  BSF    03.5
0C7D:  MOVWF  40
0C7E:  BCF    03.5
0C7F:  MOVF   67,W
0C80:  BSF    03.5
0C81:  MOVWF  3F
0C82:  BCF    03.5
0C83:  MOVF   66,W
0C84:  BSF    03.5
0C85:  MOVWF  3E
0C86:  BCF    0A.3
0C87:  BCF    03.5
0C88:  CALL   205
0C89:  BSF    0A.3
0C8A:  MOVF   7A,W
0C8B:  MOVWF  65
0C8C:  MOVF   79,W
0C8D:  MOVWF  64
0C8E:  MOVF   78,W
0C8F:  MOVWF  63
0C90:  MOVF   77,W
0C91:  MOVWF  62
....................        
....................    while(1) 
....................    { 
....................  
....................       adc=read_adc(); //Leer ADC 
0C92:  BSF    1F.1
0C93:  BTFSC  1F.1
0C94:  GOTO   493
0C95:  BSF    03.5
0C96:  MOVF   1E,W
0C97:  BCF    03.5
0C98:  MOVWF  2E
0C99:  MOVF   1E,W
0C9A:  MOVWF  2F
....................       delay_us(4); 
0C9B:  GOTO   49C
0C9C:  GOTO   49D
....................       yM=adc*5000.0/1024.0; 
0C9D:  MOVF   2F,W
0C9E:  BSF    03.5
0C9F:  MOVWF  2F
0CA0:  BCF    03.5
0CA1:  MOVF   2E,W
0CA2:  BSF    03.5
0CA3:  MOVWF  2E
0CA4:  BCF    0A.3
0CA5:  BCF    03.5
0CA6:  GOTO   48E
0CA7:  BSF    0A.3
0CA8:  MOVF   7A,W
0CA9:  BSF    03.5
0CAA:  MOVWF  42
0CAB:  MOVF   79,W
0CAC:  MOVWF  41
0CAD:  MOVF   78,W
0CAE:  MOVWF  40
0CAF:  MOVF   77,W
0CB0:  MOVWF  3F
0CB1:  CLRF   46
0CB2:  MOVLW  40
0CB3:  MOVWF  45
0CB4:  MOVLW  1C
0CB5:  MOVWF  44
0CB6:  MOVLW  8B
0CB7:  MOVWF  43
0CB8:  BCF    0A.3
0CB9:  BCF    03.5
0CBA:  CALL   417
0CBB:  BSF    0A.3
0CBC:  MOVF   7A,W
0CBD:  BSF    03.5
0CBE:  MOVWF  31
0CBF:  MOVF   79,W
0CC0:  MOVWF  30
0CC1:  MOVF   78,W
0CC2:  MOVWF  2F
0CC3:  MOVF   77,W
0CC4:  MOVWF  2E
0CC5:  MOVF   31,W
0CC6:  MOVWF  3D
0CC7:  MOVF   30,W
0CC8:  MOVWF  3C
0CC9:  MOVF   2F,W
0CCA:  MOVWF  3B
0CCB:  MOVF   2E,W
0CCC:  MOVWF  3A
0CCD:  CLRF   41
0CCE:  CLRF   40
0CCF:  CLRF   3F
0CD0:  MOVLW  89
0CD1:  MOVWF  3E
0CD2:  BCF    0A.3
0CD3:  BCF    03.5
0CD4:  CALL   205
0CD5:  BSF    0A.3
0CD6:  MOVF   7A,W
0CD7:  MOVWF  35
0CD8:  MOVF   79,W
0CD9:  MOVWF  34
0CDA:  MOVF   78,W
0CDB:  MOVWF  33
0CDC:  MOVF   77,W
0CDD:  MOVWF  32
....................        
....................          if(seg==1) 
0CDE:  DECFSZ 2D,W
0CDF:  GOTO   4E3
....................          { 
....................           PID(); 
0CE0:  BCF    0A.3
0CE1:  GOTO   4F0
0CE2:  BSF    0A.3
....................          } 
....................  
....................       
....................       //Muestra mensajes en LCD 
....................       lcd_gotoxy(1,1); 
0CE3:  MOVLW  01
0CE4:  BSF    03.5
0CE5:  MOVWF  40
0CE6:  MOVWF  41
0CE7:  BCF    0A.3
0CE8:  BCF    03.5
0CE9:  CALL   12F
0CEA:  BSF    0A.3
....................       printf(lcd_putc,"Temp: %f",yM/10); 
0CEB:  MOVF   35,W
0CEC:  BSF    03.5
0CED:  MOVWF  3D
0CEE:  BCF    03.5
0CEF:  MOVF   34,W
0CF0:  BSF    03.5
0CF1:  MOVWF  3C
0CF2:  BCF    03.5
0CF3:  MOVF   33,W
0CF4:  BSF    03.5
0CF5:  MOVWF  3B
0CF6:  BCF    03.5
0CF7:  MOVF   32,W
0CF8:  BSF    03.5
0CF9:  MOVWF  3A
0CFA:  CLRF   41
0CFB:  CLRF   40
0CFC:  MOVLW  20
0CFD:  MOVWF  3F
0CFE:  MOVLW  82
0CFF:  MOVWF  3E
0D00:  BCF    0A.3
0D01:  BCF    03.5
0D02:  CALL   205
0D03:  BSF    0A.3
0D04:  MOVF   7A,W
0D05:  BSF    03.5
0D06:  MOVWF  31
0D07:  MOVF   79,W
0D08:  MOVWF  30
0D09:  MOVF   78,W
0D0A:  MOVWF  2F
0D0B:  MOVF   77,W
0D0C:  MOVWF  2E
0D0D:  MOVLW  65
0D0E:  BCF    03.5
0D0F:  BSF    03.6
0D10:  MOVWF  0D
0D11:  MOVLW  00
0D12:  MOVWF  0F
0D13:  BCF    03.0
0D14:  MOVLW  06
0D15:  BSF    03.5
0D16:  BCF    03.6
0D17:  MOVWF  32
0D18:  BCF    0A.3
0D19:  BCF    03.5
0D1A:  CALL   694
0D1B:  BSF    0A.3
0D1C:  MOVLW  89
0D1D:  MOVWF  04
0D1E:  BSF    03.5
0D1F:  MOVF   31,W
0D20:  MOVWF  35
0D21:  MOVF   30,W
0D22:  MOVWF  34
0D23:  MOVF   2F,W
0D24:  MOVWF  33
0D25:  MOVF   2E,W
0D26:  MOVWF  32
0D27:  MOVLW  02
0D28:  MOVWF  36
0D29:  BCF    03.5
0D2A:  CALL   000
....................       lcd_gotoxy(1,2); 
0D2B:  MOVLW  01
0D2C:  BSF    03.5
0D2D:  MOVWF  40
0D2E:  MOVLW  02
0D2F:  MOVWF  41
0D30:  BCF    0A.3
0D31:  BCF    03.5
0D32:  CALL   12F
0D33:  BSF    0A.3
....................       printf(lcd_putc,"SetPoint: %2.2f C   ",R/10); 
0D34:  MOVF   39,W
0D35:  BSF    03.5
0D36:  MOVWF  3D
0D37:  BCF    03.5
0D38:  MOVF   38,W
0D39:  BSF    03.5
0D3A:  MOVWF  3C
0D3B:  BCF    03.5
0D3C:  MOVF   37,W
0D3D:  BSF    03.5
0D3E:  MOVWF  3B
0D3F:  BCF    03.5
0D40:  MOVF   36,W
0D41:  BSF    03.5
0D42:  MOVWF  3A
0D43:  CLRF   41
0D44:  CLRF   40
0D45:  MOVLW  20
0D46:  MOVWF  3F
0D47:  MOVLW  82
0D48:  MOVWF  3E
0D49:  BCF    0A.3
0D4A:  BCF    03.5
0D4B:  CALL   205
0D4C:  BSF    0A.3
0D4D:  MOVF   7A,W
0D4E:  BSF    03.5
0D4F:  MOVWF  31
0D50:  MOVF   79,W
0D51:  MOVWF  30
0D52:  MOVF   78,W
0D53:  MOVWF  2F
0D54:  MOVF   77,W
0D55:  MOVWF  2E
0D56:  MOVLW  6A
0D57:  BCF    03.5
0D58:  BSF    03.6
0D59:  MOVWF  0D
0D5A:  MOVLW  00
0D5B:  MOVWF  0F
0D5C:  BCF    03.0
0D5D:  MOVLW  0A
0D5E:  BSF    03.5
0D5F:  BCF    03.6
0D60:  MOVWF  32
0D61:  BCF    0A.3
0D62:  BCF    03.5
0D63:  CALL   694
0D64:  BSF    0A.3
0D65:  MOVLW  89
0D66:  MOVWF  04
0D67:  BSF    03.5
0D68:  MOVF   31,W
0D69:  MOVWF  35
0D6A:  MOVF   30,W
0D6B:  MOVWF  34
0D6C:  MOVF   2F,W
0D6D:  MOVWF  33
0D6E:  MOVF   2E,W
0D6F:  MOVWF  32
0D70:  MOVLW  02
0D71:  MOVWF  36
0D72:  BCF    03.5
0D73:  CALL   000
0D74:  MOVLW  71
0D75:  BSF    03.6
0D76:  MOVWF  0D
0D77:  MOVLW  00
0D78:  MOVWF  0F
0D79:  BSF    03.0
0D7A:  MOVLW  05
0D7B:  BSF    03.5
0D7C:  BCF    03.6
0D7D:  MOVWF  32
0D7E:  BCF    0A.3
0D7F:  BCF    03.5
0D80:  CALL   694
0D81:  BSF    0A.3
....................       lcd_gotoxy(1,3); 
0D82:  MOVLW  01
0D83:  BSF    03.5
0D84:  MOVWF  40
0D85:  MOVLW  03
0D86:  MOVWF  41
0D87:  BCF    0A.3
0D88:  BCF    03.5
0D89:  CALL   12F
0D8A:  BSF    0A.3
....................       printf(lcd_putc,"Error: %2.2f C   ",e/10); 
0D8B:  MOVF   3D,W
0D8C:  BSF    03.5
0D8D:  MOVWF  3D
0D8E:  BCF    03.5
0D8F:  MOVF   3C,W
0D90:  BSF    03.5
0D91:  MOVWF  3C
0D92:  BCF    03.5
0D93:  MOVF   3B,W
0D94:  BSF    03.5
0D95:  MOVWF  3B
0D96:  BCF    03.5
0D97:  MOVF   3A,W
0D98:  BSF    03.5
0D99:  MOVWF  3A
0D9A:  CLRF   41
0D9B:  CLRF   40
0D9C:  MOVLW  20
0D9D:  MOVWF  3F
0D9E:  MOVLW  82
0D9F:  MOVWF  3E
0DA0:  BCF    0A.3
0DA1:  BCF    03.5
0DA2:  CALL   205
0DA3:  BSF    0A.3
0DA4:  MOVF   7A,W
0DA5:  BSF    03.5
0DA6:  MOVWF  31
0DA7:  MOVF   79,W
0DA8:  MOVWF  30
0DA9:  MOVF   78,W
0DAA:  MOVWF  2F
0DAB:  MOVF   77,W
0DAC:  MOVWF  2E
0DAD:  MOVLW  75
0DAE:  BCF    03.5
0DAF:  BSF    03.6
0DB0:  MOVWF  0D
0DB1:  MOVLW  00
0DB2:  MOVWF  0F
0DB3:  BCF    03.0
0DB4:  MOVLW  07
0DB5:  BSF    03.5
0DB6:  BCF    03.6
0DB7:  MOVWF  32
0DB8:  BCF    0A.3
0DB9:  BCF    03.5
0DBA:  CALL   694
0DBB:  BSF    0A.3
0DBC:  MOVLW  89
0DBD:  MOVWF  04
0DBE:  BSF    03.5
0DBF:  MOVF   31,W
0DC0:  MOVWF  35
0DC1:  MOVF   30,W
0DC2:  MOVWF  34
0DC3:  MOVF   2F,W
0DC4:  MOVWF  33
0DC5:  MOVF   2E,W
0DC6:  MOVWF  32
0DC7:  MOVLW  02
0DC8:  MOVWF  36
0DC9:  BCF    03.5
0DCA:  CALL   000
0DCB:  MOVLW  7B
0DCC:  BSF    03.6
0DCD:  MOVWF  0D
0DCE:  MOVLW  00
0DCF:  MOVWF  0F
0DD0:  BCF    03.0
0DD1:  MOVLW  05
0DD2:  BSF    03.5
0DD3:  BCF    03.6
0DD4:  MOVWF  32
0DD5:  BCF    0A.3
0DD6:  BCF    03.5
0DD7:  CALL   694
0DD8:  BSF    0A.3
....................       lcd_gotoxy(1,4); 
0DD9:  MOVLW  01
0DDA:  BSF    03.5
0DDB:  MOVWF  40
0DDC:  MOVLW  04
0DDD:  MOVWF  41
0DDE:  BCF    0A.3
0DDF:  BCF    03.5
0DE0:  CALL   12F
0DE1:  BSF    0A.3
....................       printf(lcd_putc,"u(ley Con): %ld   ",control); 
0DE2:  MOVLW  7E
0DE3:  BSF    03.6
0DE4:  MOVWF  0D
0DE5:  MOVLW  00
0DE6:  MOVWF  0F
0DE7:  BCF    03.0
0DE8:  MOVLW  0C
0DE9:  BSF    03.5
0DEA:  BCF    03.6
0DEB:  MOVWF  32
0DEC:  BCF    0A.3
0DED:  BCF    03.5
0DEE:  CALL   694
0DEF:  BSF    0A.3
0DF0:  MOVLW  10
0DF1:  MOVWF  04
0DF2:  MOVF   31,W
0DF3:  BSF    03.5
0DF4:  MOVWF  2F
0DF5:  BCF    03.5
0DF6:  MOVF   30,W
0DF7:  BSF    03.5
0DF8:  MOVWF  2E
0DF9:  BCF    0A.3
0DFA:  BCF    03.5
0DFB:  GOTO   75F
0DFC:  BSF    0A.3
0DFD:  MOVLW  20
0DFE:  BSF    03.5
0DFF:  MOVWF  3F
0E00:  BCF    0A.3
0E01:  BCF    03.5
0E02:  CALL   15A
0E03:  BSF    0A.3
0E04:  MOVLW  20
0E05:  BSF    03.5
0E06:  MOVWF  3F
0E07:  BCF    0A.3
0E08:  BCF    03.5
0E09:  CALL   15A
0E0A:  BSF    0A.3
0E0B:  MOVLW  20
0E0C:  BSF    03.5
0E0D:  MOVWF  3F
0E0E:  BCF    0A.3
0E0F:  BCF    03.5
0E10:  CALL   15A
0E11:  BSF    0A.3
0E12:  GOTO   492
....................        
....................  
....................       } 
.................... } 
0E13:  SLEEP

Configuration Fuses:
   Word  1: 2CE1   XT NOWDT PUT MCLR NOPROTECT NOCPD NOBROWNOUT IESO FCMEN NOLVP NODEBUG
   Word  2: 3FFF   BORV40 NOWRT
